Return code: 2

=== STDOUT ===
g++ @global.options @absolute.options @module.options -MM -MT .csconfig/modules/replacement/srrip/srrip.d -MT .csconfig/modules/replacement/srrip/srrip.o -I.csconfig -MF .csconfig/modules/replacement/srrip/srrip.d replacement/srrip/srrip.cc
g++ @global.options @absolute.options @module.options -MM -MT .csconfig/modules/replacement/ship/ship.d -MT .csconfig/modules/replacement/ship/ship.o -I.csconfig -MF .csconfig/modules/replacement/ship/ship.d replacement/ship/ship.cc
g++ @global.options @absolute.options @module.options -MM -MT .csconfig/modules/replacement/random/random.d -MT .csconfig/modules/replacement/random/random.o -I.csconfig -MF .csconfig/modules/replacement/random/random.d replacement/random/random.cc
g++ @global.options @absolute.options @module.options -MM -MT .csconfig/modules/replacement/lru/lru.d -MT .csconfig/modules/replacement/lru/lru.o -I.csconfig -MF .csconfig/modules/replacement/lru/lru.d replacement/lru/lru.cc
g++ @global.options @absolute.options @module.options -MM -MT .csconfig/modules/replacement/drrip/drrip.d -MT .csconfig/modules/replacement/drrip/drrip.o -I.csconfig -MF .csconfig/modules/replacement/drrip/drrip.d replacement/drrip/drrip.cc
g++ @global.options @absolute.options @module.options -MM -MT .csconfig/modules/prefetcher/vberti/vberti.d -MT .csconfig/modules/prefetcher/vberti/vberti.o -I.csconfig -MF .csconfig/modules/prefetcher/vberti/vberti.d prefetcher/vberti/vberti.cc
g++ @global.options @absolute.options @module.options -MM -MT .csconfig/modules/prefetcher/va_ampm_lite/va_ampm_lite.d -MT .csconfig/modules/prefetcher/va_ampm_lite/va_ampm_lite.o -I.csconfig -MF .csconfig/modules/prefetcher/va_ampm_lite/va_ampm_lite.d prefetcher/va_ampm_lite/va_ampm_lite.cc
g++ @global.options @absolute.options @module.options -MM -MT .csconfig/modules/prefetcher/triangel/triangel.d -MT .csconfig/modules/prefetcher/triangel/triangel.o -I.csconfig -MF .csconfig/modules/prefetcher/triangel/triangel.d prefetcher/triangel/triangel.cc
g++ @global.options @absolute.options @module.options -MM -MT .csconfig/modules/prefetcher/srtp/srtp.d -MT .csconfig/modules/prefetcher/srtp/srtp.o -I.csconfig -MF .csconfig/modules/prefetcher/srtp/srtp.d prefetcher/srtp/srtp.cc
g++ @global.options @absolute.options @module.options -MM -MT .csconfig/modules/prefetcher/spp_dev/spp_dev.d -MT .csconfig/modules/prefetcher/spp_dev/spp_dev.o -I.csconfig -MF .csconfig/modules/prefetcher/spp_dev/spp_dev.d prefetcher/spp_dev/spp_dev.cc
g++ @global.options @absolute.options @module.options -MM -MT .csconfig/modules/prefetcher/shtp/shtp.d -MT .csconfig/modules/prefetcher/shtp/shtp.o -I.csconfig -MF .csconfig/modules/prefetcher/shtp/shtp.d prefetcher/shtp/shtp.cc
g++ @global.options @absolute.options @module.options -MM -MT .csconfig/modules/prefetcher/rndtp/rndtp.d -MT .csconfig/modules/prefetcher/rndtp/rndtp.o -I.csconfig -MF .csconfig/modules/prefetcher/rndtp/rndtp.d prefetcher/rndtp/rndtp.cc
g++ @global.options @absolute.options @module.options -MM -MT .csconfig/modules/prefetcher/resize_tr/resize_tr.d -MT .csconfig/modules/prefetcher/resize_tr/resize_tr.o -I.csconfig -MF .csconfig/modules/prefetcher/resize_tr/resize_tr.d prefetcher/resize_tr/resize_tr.cc
g++ @global.options @absolute.options @module.options -MM -MT .csconfig/modules/prefetcher/resize_pr/resize_pr.d -MT .csconfig/modules/prefetcher/resize_pr/resize_pr.o -I.csconfig -MF .csconfig/modules/prefetcher/resize_pr/resize_pr.d prefetcher/resize_pr/resize_pr.cc
g++ @global.options @absolute.options @module.options -MM -MT .csconfig/modules/prefetcher/resize_kr/resize_kr.d -MT .csconfig/modules/prefetcher/resize_kr/resize_kr.o -I.csconfig -MF .csconfig/modules/prefetcher/resize_kr/resize_kr.d prefetcher/resize_kr/resize_kr.cc
g++ @global.options @absolute.options @module.options -MM -MT .csconfig/modules/prefetcher/resize/resize.d -MT .csconfig/modules/prefetcher/resize/resize.o -I.csconfig -MF .csconfig/modules/prefetcher/resize/resize.d prefetcher/resize/resize.cc
g++ @global.options @absolute.options @module.options -MM -MT .csconfig/modules/prefetcher/ptp/ptp.d -MT .csconfig/modules/prefetcher/ptp/ptp.o -I.csconfig -MF .csconfig/modules/prefetcher/ptp/ptp.d prefetcher/ptp/ptp.cc
g++ @global.options @absolute.options @module.options -MM -MT .csconfig/modules/prefetcher/prophet/prophet.d -MT .csconfig/modules/prefetcher/prophet/prophet.o -I.csconfig -MF .csconfig/modules/prefetcher/prophet/prophet.d prefetcher/prophet/prophet.cc
g++ @global.options @absolute.options @module.options -MM -MT .csconfig/modules/prefetcher/prism/prism.d -MT .csconfig/modules/prefetcher/prism/prism.o -I.csconfig -MF .csconfig/modules/prefetcher/prism/prism.d prefetcher/prism/prism.cc
g++ @global.options @absolute.options @module.options -MM -MT .csconfig/modules/prefetcher/pctp/pctp.d -MT .csconfig/modules/prefetcher/pctp/pctp.o -I.csconfig -MF .csconfig/modules/prefetcher/pctp/pctp.d prefetcher/pctp/pctp.cc
g++ @global.options @absolute.options @module.options -MM -MT .csconfig/modules/prefetcher/no/no.d -MT .csconfig/modules/prefetcher/no/no.o -I.csconfig -MF .csconfig/modules/prefetcher/no/no.d prefetcher/no/no.cc
g++ @global.options @absolute.options @module.options -MM -MT .csconfig/modules/prefetcher/next_line/next_line.d -MT .csconfig/modules/prefetcher/next_line/next_line.o -I.csconfig -MF .csconfig/modules/prefetcher/next_line/next_line.d prefetcher/next_line/next_line.cc
g++ @global.options @absolute.options @module.options -MM -MT .csconfig/modules/prefetcher/lfutp/lfutp.d -MT .csconfig/modules/prefetcher/lfutp/lfutp.o -I.csconfig -MF .csconfig/modules/prefetcher/lfutp/lfutp.d prefetcher/lfutp/lfutp.cc
g++ @global.options @absolute.options @module.options -MM -MT .csconfig/modules/prefetcher/latetp/latetp.d -MT .csconfig/modules/prefetcher/latetp/latetp.o -I.csconfig -MF .csconfig/modules/prefetcher/latetp/latetp.d prefetcher/latetp/latetp.cc
g++ @global.options @absolute.options @module.options -MM -MT .csconfig/modules/prefetcher/kairos/kairos.d -MT .csconfig/modules/prefetcher/kairos/kairos.o -I.csconfig -MF .csconfig/modules/prefetcher/kairos/kairos.d prefetcher/kairos/kairos.cc
g++ @global.options @absolute.options @module.options -MM -MT .csconfig/modules/prefetcher/ip_stride/ip_stride.d -MT .csconfig/modules/prefetcher/ip_stride/ip_stride.o -I.csconfig -MF .csconfig/modules/prefetcher/ip_stride/ip_stride.d prefetcher/ip_stride/ip_stride.cc
g++ @global.options @absolute.options @module.options -MM -MT .csconfig/modules/prefetcher/ipcp/ipcp.d -MT .csconfig/modules/prefetcher/ipcp/ipcp.o -I.csconfig -MF .csconfig/modules/prefetcher/ipcp/ipcp.d prefetcher/ipcp/ipcp.cc
g++ @global.options @absolute.options @module.options -MM -MT .csconfig/modules/prefetcher/inftable/inftable.d -MT .csconfig/modules/prefetcher/inftable/inftable.o -I.csconfig -MF .csconfig/modules/prefetcher/inftable/inftable.d prefetcher/inftable/inftable.cc
g++ @global.options @absolute.options @module.options -MM -MT .csconfig/modules/prefetcher/infpctable/infpctable.d -MT .csconfig/modules/prefetcher/infpctable/infpctable.o -I.csconfig -MF .csconfig/modules/prefetcher/infpctable/infpctable.d prefetcher/infpctable/infpctable.cc
g++ @global.options @absolute.options @module.options -MM -MT .csconfig/modules/prefetcher/filtetp/filtetp.d -MT .csconfig/modules/prefetcher/filtetp/filtetp.o -I.csconfig -MF .csconfig/modules/prefetcher/filtetp/filtetp.d prefetcher/filtetp/filtetp.cc
g++ @global.options @absolute.options @module.options -MM -MT .csconfig/modules/prefetcher/earlytp/earlytp.d -MT .csconfig/modules/prefetcher/earlytp/earlytp.o -I.csconfig -MF .csconfig/modules/prefetcher/earlytp/earlytp.d prefetcher/earlytp/earlytp.cc
g++ @global.options @absolute.options @module.options -MM -MT .csconfig/modules/prefetcher/drtp/drtp.d -MT .csconfig/modules/prefetcher/drtp/drtp.o -I.csconfig -MF .csconfig/modules/prefetcher/drtp/drtp.d prefetcher/drtp/drtp.cc
g++ @global.options @absolute.options @module.options -MM -MT .csconfig/modules/prefetcher/croage/croage.d -MT .csconfig/modules/prefetcher/croage/croage.o -I.csconfig -MF .csconfig/modules/prefetcher/croage/croage.d prefetcher/croage/croage.cc
g++ @global.options @absolute.options @module.options -MM -MT .csconfig/modules/prefetcher/conftp/conftp.d -MT .csconfig/modules/prefetcher/conftp/conftp.o -I.csconfig -MF .csconfig/modules/prefetcher/conftp/conftp.d prefetcher/conftp/conftp.cc
g++ @global.options @absolute.options @module.options -MM -MT .csconfig/modules/prefetcher/brtp/brtp.d -MT .csconfig/modules/prefetcher/brtp/brtp.o -I.csconfig -MF .csconfig/modules/prefetcher/brtp/brtp.d prefetcher/brtp/brtp.cc
g++ @global.options @absolute.options @module.options -MM -MT .csconfig/modules/prefetcher/baseline/baseline.d -MT .csconfig/modules/prefetcher/baseline/baseline.o -I.csconfig -MF .csconfig/modules/prefetcher/baseline/baseline.d prefetcher/baseline/baseline.cc
g++ @global.options @absolute.options @module.options -MM -MT .csconfig/modules/btb/basic_btb/return_stack.d -MT .csconfig/modules/btb/basic_btb/return_stack.o -I.csconfig -MF .csconfig/modules/btb/basic_btb/return_stack.d btb/basic_btb/return_stack.cc
g++ @global.options @absolute.options @module.options -MM -MT .csconfig/modules/btb/basic_btb/indirect_predictor.d -MT .csconfig/modules/btb/basic_btb/indirect_predictor.o -I.csconfig -MF .csconfig/modules/btb/basic_btb/indirect_predictor.d btb/basic_btb/indirect_predictor.cc
g++ @global.options @absolute.options @module.options -MM -MT .csconfig/modules/btb/basic_btb/direct_predictor.d -MT .csconfig/modules/btb/basic_btb/direct_predictor.o -I.csconfig -MF .csconfig/modules/btb/basic_btb/direct_predictor.d btb/basic_btb/direct_predictor.cc
g++ @global.options @absolute.options @module.options -MM -MT .csconfig/modules/btb/basic_btb/basic_btb.d -MT .csconfig/modules/btb/basic_btb/basic_btb.o -I.csconfig -MF .csconfig/modules/btb/basic_btb/basic_btb.d btb/basic_btb/basic_btb.cc
g++ @global.options @absolute.options @module.options -MM -MT .csconfig/modules/branch/perceptron/perceptron.d -MT .csconfig/modules/branch/perceptron/perceptron.o -I.csconfig -MF .csconfig/modules/branch/perceptron/perceptron.d branch/perceptron/perceptron.cc
g++ @global.options @absolute.options @module.options -MM -MT .csconfig/modules/branch/hashed_perceptron/hashed_perceptron.d -MT .csconfig/modules/branch/hashed_perceptron/hashed_perceptron.o -I.csconfig -MF .csconfig/modules/branch/hashed_perceptron/hashed_perceptron.d branch/hashed_perceptron/hashed_perceptron.cc
g++ @global.options @absolute.options @module.options -MM -MT .csconfig/modules/branch/gshare/gshare.d -MT .csconfig/modules/branch/gshare/gshare.o -I.csconfig -MF .csconfig/modules/branch/gshare/gshare.d branch/gshare/gshare.cc
g++ @global.options @absolute.options @module.options -MM -MT .csconfig/modules/branch/bimodal/bimodal.d -MT .csconfig/modules/branch/bimodal/bimodal.o -I.csconfig -MF .csconfig/modules/branch/bimodal/bimodal.d branch/bimodal/bimodal.cc
g++ @global.options @absolute.options -MM -MT .csconfig/test/instr.d -MT .csconfig/test/instr.o -I.csconfig -MF .csconfig/test/instr.d test/cpp/src/instr.cc
g++ @global.options @absolute.options -MM -MT .csconfig/test/900-btb-bounds-check.d -MT .csconfig/test/900-btb-bounds-check.o -I.csconfig -MF .csconfig/test/900-btb-bounds-check.d test/cpp/src/900-btb-bounds-check.cc
g++ @global.options @absolute.options -MM -MT .csconfig/test/803-vmem-offset.d -MT .csconfig/test/803-vmem-offset.o -I.csconfig -MF .csconfig/test/803-vmem-offset.d test/cpp/src/803-vmem-offset.cc
g++ @global.options @absolute.options -MM -MT .csconfig/test/802-pte-page.d -MT .csconfig/test/802-pte-page.o -I.csconfig -MF .csconfig/test/802-pte-page.d test/cpp/src/802-pte-page.cc
g++ @global.options @absolute.options -MM -MT .csconfig/test/801-vmem-duplicated.d -MT .csconfig/test/801-vmem-duplicated.o -I.csconfig -MF .csconfig/test/801-vmem-duplicated.d test/cpp/src/801-vmem-duplicated.cc
g++ @global.options @absolute.options -MM -MT .csconfig/test/798-dram-plain-printer.d -MT .csconfig/test/798-dram-plain-printer.o -I.csconfig -MF .csconfig/test/798-dram-plain-printer.d test/cpp/src/798-dram-plain-printer.cc
g++ @global.options @absolute.options -MM -MT .csconfig/test/751-channel-bit-select.d -MT .csconfig/test/751-channel-bit-select.o -I.csconfig -MF .csconfig/test/751-channel-bit-select.d test/cpp/src/751-channel-bit-select.cc
g++ @global.options @absolute.options -MM -MT .csconfig/test/750-channel-dimensions.d -MT .csconfig/test/750-channel-dimensions.o -I.csconfig -MF .csconfig/test/750-channel-dimensions.d test/cpp/src/750-channel-dimensions.cc
g++ @global.options @absolute.options -MM -MT .csconfig/test/702-dram-refresh.d -MT .csconfig/test/702-dram-refresh.o -I.csconfig -MF .csconfig/test/702-dram-refresh.d test/cpp/src/702-dram-refresh.cc
g++ @global.options @absolute.options -MM -MT .csconfig/test/701-dram-scheduler.d -MT .csconfig/test/701-dram-scheduler.o -I.csconfig -MF .csconfig/test/701-dram-scheduler.d test/cpp/src/701-dram-scheduler.cc
g++ @global.options @absolute.options -MM -MT .csconfig/test/700-dram-size.d -MT .csconfig/test/700-dram-size.o -I.csconfig -MF .csconfig/test/700-dram-size.d test/cpp/src/700-dram-size.cc
g++ @global.options @absolute.options -MM -MT .csconfig/test/603-pte-page-correctness.d -MT .csconfig/test/603-pte-page-correctness.o -I.csconfig -MF .csconfig/test/603-pte-page-correctness.d test/cpp/src/603-pte-page-correctness.cc
g++ @global.options @absolute.options -MM -MT .csconfig/test/602-walk-latency.d -MT .csconfig/test/602-walk-latency.o -I.csconfig -MF .csconfig/test/602-walk-latency.d test/cpp/src/602-walk-latency.cc
g++ @global.options @absolute.options -MM -MT .csconfig/test/601-multiple-inflight-walks.d -MT .csconfig/test/601-multiple-inflight-walks.o -I.csconfig -MF .csconfig/test/601-multiple-inflight-walks.d test/cpp/src/601-multiple-inflight-walks.cc
g++ @global.options @absolute.options -MM -MT .csconfig/test/600-ptw-path.d -MT .csconfig/test/600-ptw-path.o -I.csconfig -MF .csconfig/test/600-ptw-path.d test/cpp/src/600-ptw-path.cc
g++ @global.options @absolute.options -MM -MT .csconfig/test/498-cache-plain-printer.d -MT .csconfig/test/498-cache-plain-printer.o -I.csconfig -MF .csconfig/test/498-cache-plain-printer.d test/cpp/src/498-cache-plain-printer.cc
g++ @global.options @absolute.options -MM -MT .csconfig/test/453-va-ampm-lite-behavior.d -MT .csconfig/test/453-va-ampm-lite-behavior.o -I.csconfig -MF .csconfig/test/453-va-ampm-lite-behavior.d test/cpp/src/453-va-ampm-lite-behavior.cc
g++ @global.options @absolute.options -MM -MT .csconfig/test/452-ip-stride-behavior.d -MT .csconfig/test/452-ip-stride-behavior.o -I.csconfig -MF .csconfig/test/452-ip-stride-behavior.d test/cpp/src/452-ip-stride-behavior.cc
g++ @global.options @absolute.options -MM -MT .csconfig/test/451-next-line-behavior.d -MT .csconfig/test/451-next-line-behavior.o -I.csconfig -MF .csconfig/test/451-next-line-behavior.d test/cpp/src/451-next-line-behavior.cc
g++ @global.options @absolute.options -MM -MT .csconfig/test/444-srrip-replacement.d -MT .csconfig/test/444-srrip-replacement.o -I.csconfig -MF .csconfig/test/444-srrip-replacement.d test/cpp/src/444-srrip-replacement.cc
g++ @global.options @absolute.options -MM -MT .csconfig/test/443-replacement-interface-selection.d -MT .csconfig/test/443-replacement-interface-selection.o -I.csconfig -MF .csconfig/test/443-replacement-interface-selection.d test/cpp/src/443-replacement-interface-selection.cc
g++ @global.options @absolute.options -MM -MT .csconfig/test/442-replacement-interface.d -MT .csconfig/test/442-replacement-interface.o -I.csconfig -MF .csconfig/test/442-replacement-interface.d test/cpp/src/442-replacement-interface.cc
g++ @global.options @absolute.options -MM -MT .csconfig/test/441-replacement-bypass.d -MT .csconfig/test/441-replacement-bypass.o -I.csconfig -MF .csconfig/test/441-replacement-bypass.d test/cpp/src/441-replacement-bypass.cc
g++ @global.options @absolute.options -MM -MT .csconfig/test/432-prefetch-metadata.d -MT .csconfig/test/432-prefetch-metadata.o -I.csconfig -MF .csconfig/test/432-prefetch-metadata.d test/cpp/src/432-prefetch-metadata.cc
g++ @global.options @absolute.options -MM -MT .csconfig/test/431-merge-prefetch.d -MT .csconfig/test/431-merge-prefetch.o -I.csconfig -MF .csconfig/test/431-merge-prefetch.d test/cpp/src/431-merge-prefetch.cc
g++ @global.options @absolute.options -MM -MT .csconfig/test/430-prefetcher-interface.d -MT .csconfig/test/430-prefetcher-interface.o -I.csconfig -MF .csconfig/test/430-prefetcher-interface.d test/cpp/src/430-prefetcher-interface.cc
g++ @global.options @absolute.options -MM -MT .csconfig/test/426-internal-pq-size.d -MT .csconfig/test/426-internal-pq-size.o -I.csconfig -MF .csconfig/test/426-internal-pq-size.d test/cpp/src/426-internal-pq-size.cc
g++ @global.options @absolute.options -MM -MT .csconfig/test/425-useless-prefetch.d -MT .csconfig/test/425-useless-prefetch.o -I.csconfig -MF .csconfig/test/425-useless-prefetch.d test/cpp/src/425-useless-prefetch.cc
g++ @global.options @absolute.options -MM -MT .csconfig/test/424-duplicate-prefetch.d -MT .csconfig/test/424-duplicate-prefetch.o -I.csconfig -MF .csconfig/test/424-duplicate-prefetch.d test/cpp/src/424-duplicate-prefetch.cc
g++ @global.options @absolute.options -MM -MT .csconfig/test/423-prefetcher-activate.d -MT .csconfig/test/423-prefetcher-activate.o -I.csconfig -MF .csconfig/test/423-prefetcher-activate.d test/cpp/src/423-prefetcher-activate.cc
g++ @global.options @absolute.options -MM -MT .csconfig/test/422-prefetch-hit.d -MT .csconfig/test/422-prefetch-hit.o -I.csconfig -MF .csconfig/test/422-prefetch-hit.d test/cpp/src/422-prefetch-hit.cc
g++ @global.options @absolute.options -MM -MT .csconfig/test/421-prefetch-fill-level.d -MT .csconfig/test/421-prefetch-fill-level.o -I.csconfig -MF .csconfig/test/421-prefetch-fill-level.d test/cpp/src/421-prefetch-fill-level.cc
g++ @global.options @absolute.options -MM -MT .csconfig/test/420-issue-prefetch.d -MT .csconfig/test/420-issue-prefetch.o -I.csconfig -MF .csconfig/test/420-issue-prefetch.d test/cpp/src/420-issue-prefetch.cc
g++ @global.options @absolute.options -MM -MT .csconfig/test/415-translation-collision.d -MT .csconfig/test/415-translation-collision.o -I.csconfig -MF .csconfig/test/415-translation-collision.d test/cpp/src/415-translation-collision.cc
g++ @global.options @absolute.options -MM -MT .csconfig/test/414-tag-check-bound.d -MT .csconfig/test/414-tag-check-bound.o -I.csconfig -MF .csconfig/test/414-tag-check-bound.d test/cpp/src/414-tag-check-bound.cc
g++ @global.options @absolute.options -MM -MT .csconfig/test/413-hit-under-miss.d -MT .csconfig/test/413-hit-under-miss.o -I.csconfig -MF .csconfig/test/413-hit-under-miss.d test/cpp/src/413-hit-under-miss.cc
g++ @global.options @absolute.options -MM -MT .csconfig/test/412-queue-translation-miss.d -MT .csconfig/test/412-queue-translation-miss.o -I.csconfig -MF .csconfig/test/412-queue-translation-miss.d test/cpp/src/412-queue-translation-miss.cc
g++ @global.options @absolute.options -MM -MT .csconfig/test/411-queue-translation-hit.d -MT .csconfig/test/411-queue-translation-hit.o -I.csconfig -MF .csconfig/test/411-queue-translation-hit.d test/cpp/src/411-queue-translation-hit.cc
g++ @global.options @absolute.options -MM -MT .csconfig/test/410-queue-collision.d -MT .csconfig/test/410-queue-collision.o -I.csconfig -MF .csconfig/test/410-queue-collision.d test/cpp/src/410-queue-collision.cc
g++ @global.options @absolute.options -MM -MT .csconfig/test/408-set-independence.d -MT .csconfig/test/408-set-independence.o -I.csconfig -MF .csconfig/test/408-set-independence.d test/cpp/src/408-set-independence.cc
g++ @global.options @absolute.options -MM -MT .csconfig/test/407-writeback-dirty.d -MT .csconfig/test/407-writeback-dirty.o -I.csconfig -MF .csconfig/test/407-writeback-dirty.d test/cpp/src/407-writeback-dirty.cc
g++ @global.options @absolute.options -MM -MT .csconfig/test/406-mshr-merge.d -MT .csconfig/test/406-mshr-merge.o -I.csconfig -MF .csconfig/test/406-mshr-merge.d test/cpp/src/406-mshr-merge.cc
g++ @global.options @absolute.options -MM -MT .csconfig/test/405-fill-eviction.d -MT .csconfig/test/405-fill-eviction.o -I.csconfig -MF .csconfig/test/405-fill-eviction.d test/cpp/src/405-fill-eviction.cc
g++ @global.options @absolute.options -MM -MT .csconfig/test/404-fill-bandwidth.d -MT .csconfig/test/404-fill-bandwidth.o -I.csconfig -MF .csconfig/test/404-fill-bandwidth.d test/cpp/src/404-fill-bandwidth.cc
g++ @global.options @absolute.options -MM -MT .csconfig/test/403-read-bandwidth.d -MT .csconfig/test/403-read-bandwidth.o -I.csconfig -MF .csconfig/test/403-read-bandwidth.d test/cpp/src/403-read-bandwidth.cc
g++ @global.options @absolute.options -MM -MT .csconfig/test/402-miss-latency.d -MT .csconfig/test/402-miss-latency.o -I.csconfig -MF .csconfig/test/402-miss-latency.d test/cpp/src/402-miss-latency.cc
g++ @global.options @absolute.options -MM -MT .csconfig/test/401-hit-latency.d -MT .csconfig/test/401-hit-latency.o -I.csconfig -MF .csconfig/test/401-hit-latency.d test/cpp/src/401-hit-latency.cc
g++ @global.options @absolute.options -MM -MT .csconfig/test/400-cache-occupancy-size.d -MT .csconfig/test/400-cache-occupancy-size.o -I.csconfig -MF .csconfig/test/400-cache-occupancy-size.d test/cpp/src/400-cache-occupancy-size.cc
g++ @global.options @absolute.options -MM -MT .csconfig/test/300-retire-from-rob.d -MT .csconfig/test/300-retire-from-rob.o -I.csconfig -MF .csconfig/test/300-retire-from-rob.d test/cpp/src/300-retire-from-rob.cc
g++ @global.options @absolute.options -MM -MT .csconfig/test/250-load-scheduling.d -MT .csconfig/test/250-load-scheduling.o -I.csconfig -MF .csconfig/test/250-load-scheduling.d test/cpp/src/250-load-scheduling.cc
g++ @global.options @absolute.options -MM -MT .csconfig/test/201-register-rename.d -MT .csconfig/test/201-register-rename.o -I.csconfig -MF .csconfig/test/201-register-rename.d test/cpp/src/201-register-rename.cc
g++ @global.options @absolute.options -MM -MT .csconfig/test/200-rob-scheduling.d -MT .csconfig/test/200-rob-scheduling.o -I.csconfig -MF .csconfig/test/200-rob-scheduling.d test/cpp/src/200-rob-scheduling.cc
g++ @global.options @absolute.options -MM -MT .csconfig/test/198-core-plain-printer.d -MT .csconfig/test/198-core-plain-printer.o -I.csconfig -MF .csconfig/test/198-core-plain-printer.d test/cpp/src/198-core-plain-printer.cc
g++ @global.options @absolute.options -MM -MT .csconfig/test/174-hashed-perceptron-ghist.d -MT .csconfig/test/174-hashed-perceptron-ghist.o -I.csconfig -MF .csconfig/test/174-hashed-perceptron-ghist.d test/cpp/src/174-hashed-perceptron-ghist.cc
g++ @global.options @absolute.options -MM -MT .csconfig/test/171-bimodal-branch-predictor.d -MT .csconfig/test/171-bimodal-branch-predictor.o -I.csconfig -MF .csconfig/test/171-bimodal-branch-predictor.d test/cpp/src/171-bimodal-branch-predictor.cc
g++ @global.options @absolute.options -MM -MT .csconfig/test/166-issue296-basic-btb-no-mispredict-on-not-taken.d -MT .csconfig/test/166-issue296-basic-btb-no-mispredict-on-not-taken.o -I.csconfig -MF .csconfig/test/166-issue296-basic-btb-no-mispredict-on-not-taken.d test/cpp/src/166-issue296-basic-btb-no-mispredict-on-not-taken.cc
g++ @global.options @absolute.options -MM -MT .csconfig/test/165-basic-btb-no-evict-on-unknown-target.d -MT .csconfig/test/165-basic-btb-no-evict-on-unknown-target.o -I.csconfig -MF .csconfig/test/165-basic-btb-no-evict-on-unknown-target.d test/cpp/src/165-basic-btb-no-evict-on-unknown-target.cc
g++ @global.options @absolute.options -MM -MT .csconfig/test/151-fetch-across-dib-hit.d -MT .csconfig/test/151-fetch-across-dib-hit.o -I.csconfig -MF .csconfig/test/151-fetch-across-dib-hit.d test/cpp/src/151-fetch-across-dib-hit.cc
g++ @global.options @absolute.options -MM -MT .csconfig/test/150-fetch-bandwidth.d -MT .csconfig/test/150-fetch-bandwidth.o -I.csconfig -MF .csconfig/test/150-fetch-bandwidth.d test/cpp/src/150-fetch-bandwidth.cc
g++ @global.options @absolute.options -MM -MT .csconfig/test/140-single-dib-lookup.d -MT .csconfig/test/140-single-dib-lookup.o -I.csconfig -MF .csconfig/test/140-single-dib-lookup.d test/cpp/src/140-single-dib-lookup.cc
g++ @global.options @absolute.options -MM -MT .csconfig/test/121-dib-inorder.d -MT .csconfig/test/121-dib-inorder.o -I.csconfig -MF .csconfig/test/121-dib-inorder.d test/cpp/src/121-dib-inorder.cc
g++ @global.options @absolute.options -MM -MT .csconfig/test/120-dib-bypass-decode.d -MT .csconfig/test/120-dib-bypass-decode.o -I.csconfig -MF .csconfig/test/120-dib-bypass-decode.d test/cpp/src/120-dib-bypass-decode.cc
g++ @global.options @absolute.options -MM -MT .csconfig/test/100-core-latency.d -MT .csconfig/test/100-core-latency.o -I.csconfig -MF .csconfig/test/100-core-latency.d test/cpp/src/100-core-latency.cc
g++ @global.options @absolute.options -MM -MT .csconfig/test/092-ptw-builder.d -MT .csconfig/test/092-ptw-builder.o -I.csconfig -MF .csconfig/test/092-ptw-builder.d test/cpp/src/092-ptw-builder.cc
g++ @global.options @absolute.options -MM -MT .csconfig/test/091-cache-builder.d -MT .csconfig/test/091-cache-builder.o -I.csconfig -MF .csconfig/test/091-cache-builder.d test/cpp/src/091-cache-builder.cc
g++ @global.options @absolute.options -MM -MT .csconfig/test/085-repeatable.d -MT .csconfig/test/085-repeatable.o -I.csconfig -MF .csconfig/test/085-repeatable.d test/cpp/src/085-repeatable.cc
g++ @global.options @absolute.options -MM -MT .csconfig/test/084-tracereader-eof.d -MT .csconfig/test/084-tracereader-eof.o -I.csconfig -MF .csconfig/test/084-tracereader-eof.d test/cpp/src/084-tracereader-eof.cc
g++ @global.options @absolute.options -MM -MT .csconfig/test/083-decompress-stream.d -MT .csconfig/test/083-decompress-stream.o -I.csconfig -MF .csconfig/test/083-decompress-stream.d test/cpp/src/083-decompress-stream.cc
g++ @global.options @absolute.options -MM -MT .csconfig/test/082-branch-targets.d -MT .csconfig/test/082-branch-targets.o -I.csconfig -MF .csconfig/test/082-branch-targets.d test/cpp/src/082-branch-targets.cc
g++ @global.options @absolute.options -MM -MT .csconfig/test/081-tracereader-instr-id.d -MT .csconfig/test/081-tracereader-instr-id.o -I.csconfig -MF .csconfig/test/081-tracereader-instr-id.d test/cpp/src/081-tracereader-instr-id.cc
g++ @global.options @absolute.options -MM -MT .csconfig/test/080-tracereader.d -MT .csconfig/test/080-tracereader.o -I.csconfig -MF .csconfig/test/080-tracereader.d test/cpp/src/080-tracereader.cc
g++ @global.options @absolute.options -MM -MT .csconfig/test/070-event-counter.d -MT .csconfig/test/070-event-counter.o -I.csconfig -MF .csconfig/test/070-event-counter.d test/cpp/src/070-event-counter.cc
g++ @global.options @absolute.options -MM -MT .csconfig/test/047-extent-set.d -MT .csconfig/test/047-extent-set.o -I.csconfig -MF .csconfig/test/047-extent-set.d test/cpp/src/047-extent-set.cc
g++ @global.options @absolute.options -MM -MT .csconfig/test/046-is-specialization.d -MT .csconfig/test/046-is-specialization.o -I.csconfig -MF .csconfig/test/046-is-specialization.d test/cpp/src/046-is-specialization.cc
g++ @global.options @absolute.options -MM -MT .csconfig/test/045-transform-while-n.d -MT .csconfig/test/045-transform-while-n.o -I.csconfig -MF .csconfig/test/045-transform-while-n.d test/cpp/src/045-transform-while-n.cc
g++ @global.options @absolute.options -MM -MT .csconfig/test/044-extract.d -MT .csconfig/test/044-extract.o -I.csconfig -MF .csconfig/test/044-extract.d test/cpp/src/044-extract.cc
g++ @global.options @absolute.options -MM -MT .csconfig/test/043-fwcounter.d -MT .csconfig/test/043-fwcounter.o -I.csconfig -MF .csconfig/test/043-fwcounter.d test/cpp/src/043-fwcounter.cc
g++ @global.options @absolute.options -MM -MT .csconfig/test/042-get-span.d -MT .csconfig/test/042-get-span.o -I.csconfig -MF .csconfig/test/042-get-span.d test/cpp/src/042-get-span.cc
g++ @global.options @absolute.options -MM -MT .csconfig/test/041-bitwise_ops.d -MT .csconfig/test/041-bitwise_ops.o -I.csconfig -MF .csconfig/test/041-bitwise_ops.d test/cpp/src/041-bitwise_ops.cc
g++ @global.options @absolute.options -MM -MT .csconfig/test/040-lru-table.d -MT .csconfig/test/040-lru-table.o -I.csconfig -MF .csconfig/test/040-lru-table.d test/cpp/src/040-lru-table.cc
g++ @global.options @absolute.options -MM -MT .csconfig/test/039-channel-members.d -MT .csconfig/test/039-channel-members.o -I.csconfig -MF .csconfig/test/039-channel-members.d test/cpp/src/039-channel-members.cc
g++ @global.options @absolute.options -MM -MT .csconfig/test/038-channel-occupancy-size.d -MT .csconfig/test/038-channel-occupancy-size.o -I.csconfig -MF .csconfig/test/038-channel-occupancy-size.d test/cpp/src/038-channel-occupancy-size.cc
g++ @global.options @absolute.options -MM -MT .csconfig/test/037-waitable.d -MT .csconfig/test/037-waitable.o -I.csconfig -MF .csconfig/test/037-waitable.d test/cpp/src/037-waitable.cc
g++ @global.options @absolute.options -MM -MT .csconfig/test/036-bandwidth.d -MT .csconfig/test/036-bandwidth.o -I.csconfig -MF .csconfig/test/036-bandwidth.d test/cpp/src/036-bandwidth.cc
g++ @global.options @absolute.options -MM -MT .csconfig/test/035-data-size.d -MT .csconfig/test/035-data-size.o -I.csconfig -MF .csconfig/test/035-data-size.d test/cpp/src/035-data-size.cc
g++ @global.options @absolute.options -MM -MT .csconfig/test/034-extent.d -MT .csconfig/test/034-extent.o -I.csconfig -MF .csconfig/test/034-extent.d test/cpp/src/034-extent.cc
g++ @global.options @absolute.options -MM -MT .csconfig/test/033-address-arithmetic.d -MT .csconfig/test/033-address-arithmetic.o -I.csconfig -MF .csconfig/test/033-address-arithmetic.d test/cpp/src/033-address-arithmetic.cc
g++ @global.options @absolute.options -MM -MT .csconfig/test/032-address-slice-dynamic.d -MT .csconfig/test/032-address-slice-dynamic.o -I.csconfig -MF .csconfig/test/032-address-slice-dynamic.d test/cpp/src/032-address-slice-dynamic.cc
g++ @global.options @absolute.options -MM -MT .csconfig/test/031-address-slice.d -MT .csconfig/test/031-address-slice.o -I.csconfig -MF .csconfig/test/031-address-slice.d test/cpp/src/031-address-slice.cc
g++ @global.options @absolute.options -MM -MT .csconfig/test/030-address-ops.d -MT .csconfig/test/030-address-ops.o -I.csconfig -MF .csconfig/test/030-address-ops.d test/cpp/src/030-address-ops.cc
g++ @global.options @absolute.options -MM -MT .csconfig/test/001-operable.d -MT .csconfig/test/001-operable.o -I.csconfig -MF .csconfig/test/001-operable.d test/cpp/src/001-operable.cc
g++ @global.options @absolute.options -MM -MT .csconfig/test/TEST_000-test-main.d -MT .csconfig/test/TEST_000-test-main.o -I.csconfig -MF .csconfig/test/TEST_000-test-main.d test/cpp/src/000-test-main.cc
g++ @global.options @absolute.options -MM -MT .csconfig/vmem.d -MT .csconfig/vmem.o -I.csconfig -MF .csconfig/vmem.d src/vmem.cc
g++ @global.options @absolute.options -MM -MT .csconfig/tracereader.d -MT .csconfig/tracereader.o -I.csconfig -MF .csconfig/tracereader.d src/tracereader.cc
g++ @global.options @absolute.options -MM -MT .csconfig/register_allocator.d -MT .csconfig/register_allocator.o -I.csconfig -MF .csconfig/register_allocator.d src/register_allocator.cc
g++ @global.options @absolute.options -MM -MT .csconfig/ptw.d -MT .csconfig/ptw.o -I.csconfig -MF .csconfig/ptw.d src/ptw.cc
g++ @global.options @absolute.options -MM -MT .csconfig/ptw_builder.d -MT .csconfig/ptw_builder.o -I.csconfig -MF .csconfig/ptw_builder.d src/ptw_builder.cc
g++ @global.options @absolute.options -MM -MT .csconfig/plain_printer.d -MT .csconfig/plain_printer.o -I.csconfig -MF .csconfig/plain_printer.d src/plain_printer.cc
g++ @global.options @absolute.options -MM -MT .csconfig/operable.d -MT .csconfig/operable.o -I.csconfig -MF .csconfig/operable.d src/operable.cc
g++ @global.options @absolute.options -MM -MT .csconfig/ooo_cpu.d -MT .csconfig/ooo_cpu.o -I.csconfig -MF .csconfig/ooo_cpu.d src/ooo_cpu.cc
g++ @global.options @absolute.options -MM -MT .csconfig/modules.d -MT .csconfig/modules.o -I.csconfig -MF .csconfig/modules.d src/modules.cc
g++ @global.options @absolute.options -MM -MT .csconfig/ba7afbd640ee93c3_main.d -MT .csconfig/ba7afbd640ee93c3_main.o -I.csconfig -DCHAMPSIM_BUILD=0xba7afbd640ee93c3 -MF .csconfig/ba7afbd640ee93c3_main.d src/main.cc
g++ @global.options @absolute.options -MM -MT .csconfig/json_printer.d -MT .csconfig/json_printer.o -I.csconfig -MF .csconfig/json_printer.d src/json_printer.cc
g++ @global.options @absolute.options -MM -MT .csconfig/generated_environment.d -MT .csconfig/generated_environment.o -I.csconfig -MF .csconfig/generated_environment.d src/generated_environment.cc
g++ @global.options @absolute.options -MM -MT .csconfig/extent.d -MT .csconfig/extent.o -I.csconfig -MF .csconfig/extent.d src/extent.cc
g++ @global.options @absolute.options -MM -MT .csconfig/dram_stats.d -MT .csconfig/dram_stats.o -I.csconfig -MF .csconfig/dram_stats.d src/dram_stats.cc
g++ @global.options @absolute.options -MM -MT .csconfig/dram_controller.d -MT .csconfig/dram_controller.o -I.csconfig -MF .csconfig/dram_controller.d src/dram_controller.cc
g++ @global.options @absolute.options -MM -MT .csconfig/core_stats.d -MT .csconfig/core_stats.o -I.csconfig -MF .csconfig/core_stats.d src/core_stats.cc
g++ @global.options @absolute.options -MM -MT .csconfig/chrono.d -MT .csconfig/chrono.o -I.csconfig -MF .csconfig/chrono.d src/chrono.cc
g++ @global.options @absolute.options -MM -MT .csconfig/channel.d -MT .csconfig/channel.o -I.csconfig -MF .csconfig/channel.d src/channel.cc
g++ @global.options @absolute.options -MM -MT .csconfig/champsim.d -MT .csconfig/champsim.o -I.csconfig -MF .csconfig/champsim.d src/champsim.cc
g++ @global.options @absolute.options -MM -MT .csconfig/cache_stats.d -MT .csconfig/cache_stats.o -I.csconfig -MF .csconfig/cache_stats.d src/cache_stats.cc
g++ @global.options @absolute.options -MM -MT .csconfig/cache.d -MT .csconfig/cache.o -I.csconfig -MF .csconfig/cache.d src/cache.cc
g++ @global.options @absolute.options -MM -MT .csconfig/bandwidth.d -MT .csconfig/bandwidth.o -I.csconfig -MF .csconfig/bandwidth.d src/bandwidth.cc
g++ @global.options @absolute.options -MM -MT .csconfig/address.d -MT .csconfig/address.o -I.csconfig -MF .csconfig/address.d src/address.cc
g++ @global.options @absolute.options -MM -MT .csconfig/TEST_main.d -MT .csconfig/TEST_main.o -I.csconfig -DCHAMPSIM_BUILD=0xTEST -MF .csconfig/TEST_main.d src/main.cc
g++ @global.options @absolute.options -MM -MT .csconfig/test/instr.d -MT .csconfig/test/instr.o -I.csconfig -MF .csconfig/test/instr.d test/cpp/src/instr.cc
g++ @global.options @absolute.options -MM -MT .csconfig/test/900-btb-bounds-check.d -MT .csconfig/test/900-btb-bounds-check.o -I.csconfig -MF .csconfig/test/900-btb-bounds-check.d test/cpp/src/900-btb-bounds-check.cc
g++ @global.options @absolute.options -MM -MT .csconfig/test/803-vmem-offset.d -MT .csconfig/test/803-vmem-offset.o -I.csconfig -MF .csconfig/test/803-vmem-offset.d test/cpp/src/803-vmem-offset.cc
g++ @global.options @absolute.options -MM -MT .csconfig/test/802-pte-page.d -MT .csconfig/test/802-pte-page.o -I.csconfig -MF .csconfig/test/802-pte-page.d test/cpp/src/802-pte-page.cc
g++ @global.options @absolute.options -MM -MT .csconfig/test/801-vmem-duplicated.d -MT .csconfig/test/801-vmem-duplicated.o -I.csconfig -MF .csconfig/test/801-vmem-duplicated.d test/cpp/src/801-vmem-duplicated.cc
g++ @global.options @absolute.options -MM -MT .csconfig/test/798-dram-plain-printer.d -MT .csconfig/test/798-dram-plain-printer.o -I.csconfig -MF .csconfig/test/798-dram-plain-printer.d test/cpp/src/798-dram-plain-printer.cc
g++ @global.options @absolute.options -MM -MT .csconfig/test/751-channel-bit-select.d -MT .csconfig/test/751-channel-bit-select.o -I.csconfig -MF .csconfig/test/751-channel-bit-select.d test/cpp/src/751-channel-bit-select.cc
g++ @global.options @absolute.options -MM -MT .csconfig/test/750-channel-dimensions.d -MT .csconfig/test/750-channel-dimensions.o -I.csconfig -MF .csconfig/test/750-channel-dimensions.d test/cpp/src/750-channel-dimensions.cc
g++ @global.options @absolute.options -MM -MT .csconfig/test/702-dram-refresh.d -MT .csconfig/test/702-dram-refresh.o -I.csconfig -MF .csconfig/test/702-dram-refresh.d test/cpp/src/702-dram-refresh.cc
g++ @global.options @absolute.options -MM -MT .csconfig/test/701-dram-scheduler.d -MT .csconfig/test/701-dram-scheduler.o -I.csconfig -MF .csconfig/test/701-dram-scheduler.d test/cpp/src/701-dram-scheduler.cc
g++ @global.options @absolute.options -MM -MT .csconfig/test/700-dram-size.d -MT .csconfig/test/700-dram-size.o -I.csconfig -MF .csconfig/test/700-dram-size.d test/cpp/src/700-dram-size.cc
g++ @global.options @absolute.options -MM -MT .csconfig/test/603-pte-page-correctness.d -MT .csconfig/test/603-pte-page-correctness.o -I.csconfig -MF .csconfig/test/603-pte-page-correctness.d test/cpp/src/603-pte-page-correctness.cc
g++ @global.options @absolute.options -MM -MT .csconfig/test/602-walk-latency.d -MT .csconfig/test/602-walk-latency.o -I.csconfig -MF .csconfig/test/602-walk-latency.d test/cpp/src/602-walk-latency.cc
g++ @global.options @absolute.options -MM -MT .csconfig/test/601-multiple-inflight-walks.d -MT .csconfig/test/601-multiple-inflight-walks.o -I.csconfig -MF .csconfig/test/601-multiple-inflight-walks.d test/cpp/src/601-multiple-inflight-walks.cc
g++ @global.options @absolute.options -MM -MT .csconfig/test/600-ptw-path.d -MT .csconfig/test/600-ptw-path.o -I.csconfig -MF .csconfig/test/600-ptw-path.d test/cpp/src/600-ptw-path.cc
g++ @global.options @absolute.options -MM -MT .csconfig/test/498-cache-plain-printer.d -MT .csconfig/test/498-cache-plain-printer.o -I.csconfig -MF .csconfig/test/498-cache-plain-printer.d test/cpp/src/498-cache-plain-printer.cc
g++ @global.options @absolute.options -MM -MT .csconfig/test/453-va-ampm-lite-behavior.d -MT .csconfig/test/453-va-ampm-lite-behavior.o -I.csconfig -MF .csconfig/test/453-va-ampm-lite-behavior.d test/cpp/src/453-va-ampm-lite-behavior.cc
g++ @global.options @absolute.options -MM -MT .csconfig/test/452-ip-stride-behavior.d -MT .csconfig/test/452-ip-stride-behavior.o -I.csconfig -MF .csconfig/test/452-ip-stride-behavior.d test/cpp/src/452-ip-stride-behavior.cc
g++ @global.options @absolute.options -MM -MT .csconfig/test/451-next-line-behavior.d -MT .csconfig/test/451-next-line-behavior.o -I.csconfig -MF .csconfig/test/451-next-line-behavior.d test/cpp/src/451-next-line-behavior.cc
g++ @global.options @absolute.options -MM -MT .csconfig/test/444-srrip-replacement.d -MT .csconfig/test/444-srrip-replacement.o -I.csconfig -MF .csconfig/test/444-srrip-replacement.d test/cpp/src/444-srrip-replacement.cc
g++ @global.options @absolute.options -MM -MT .csconfig/test/443-replacement-interface-selection.d -MT .csconfig/test/443-replacement-interface-selection.o -I.csconfig -MF .csconfig/test/443-replacement-interface-selection.d test/cpp/src/443-replacement-interface-selection.cc
g++ @global.options @absolute.options -MM -MT .csconfig/test/442-replacement-interface.d -MT .csconfig/test/442-replacement-interface.o -I.csconfig -MF .csconfig/test/442-replacement-interface.d test/cpp/src/442-replacement-interface.cc
g++ @global.options @absolute.options -MM -MT .csconfig/test/441-replacement-bypass.d -MT .csconfig/test/441-replacement-bypass.o -I.csconfig -MF .csconfig/test/441-replacement-bypass.d test/cpp/src/441-replacement-bypass.cc
g++ @global.options @absolute.options -MM -MT .csconfig/test/432-prefetch-metadata.d -MT .csconfig/test/432-prefetch-metadata.o -I.csconfig -MF .csconfig/test/432-prefetch-metadata.d test/cpp/src/432-prefetch-metadata.cc
g++ @global.options @absolute.options -MM -MT .csconfig/test/431-merge-prefetch.d -MT .csconfig/test/431-merge-prefetch.o -I.csconfig -MF .csconfig/test/431-merge-prefetch.d test/cpp/src/431-merge-prefetch.cc
g++ @global.options @absolute.options -MM -MT .csconfig/test/430-prefetcher-interface.d -MT .csconfig/test/430-prefetcher-interface.o -I.csconfig -MF .csconfig/test/430-prefetcher-interface.d test/cpp/src/430-prefetcher-interface.cc
g++ @global.options @absolute.options -MM -MT .csconfig/test/426-internal-pq-size.d -MT .csconfig/test/426-internal-pq-size.o -I.csconfig -MF .csconfig/test/426-internal-pq-size.d test/cpp/src/426-internal-pq-size.cc
g++ @global.options @absolute.options -MM -MT .csconfig/test/425-useless-prefetch.d -MT .csconfig/test/425-useless-prefetch.o -I.csconfig -MF .csconfig/test/425-useless-prefetch.d test/cpp/src/425-useless-prefetch.cc
g++ @global.options @absolute.options -MM -MT .csconfig/test/424-duplicate-prefetch.d -MT .csconfig/test/424-duplicate-prefetch.o -I.csconfig -MF .csconfig/test/424-duplicate-prefetch.d test/cpp/src/424-duplicate-prefetch.cc
g++ @global.options @absolute.options -MM -MT .csconfig/test/423-prefetcher-activate.d -MT .csconfig/test/423-prefetcher-activate.o -I.csconfig -MF .csconfig/test/423-prefetcher-activate.d test/cpp/src/423-prefetcher-activate.cc
g++ @global.options @absolute.options -MM -MT .csconfig/test/422-prefetch-hit.d -MT .csconfig/test/422-prefetch-hit.o -I.csconfig -MF .csconfig/test/422-prefetch-hit.d test/cpp/src/422-prefetch-hit.cc
g++ @global.options @absolute.options -MM -MT .csconfig/test/421-prefetch-fill-level.d -MT .csconfig/test/421-prefetch-fill-level.o -I.csconfig -MF .csconfig/test/421-prefetch-fill-level.d test/cpp/src/421-prefetch-fill-level.cc
g++ @global.options @absolute.options -MM -MT .csconfig/test/420-issue-prefetch.d -MT .csconfig/test/420-issue-prefetch.o -I.csconfig -MF .csconfig/test/420-issue-prefetch.d test/cpp/src/420-issue-prefetch.cc
g++ @global.options @absolute.options -MM -MT .csconfig/test/415-translation-collision.d -MT .csconfig/test/415-translation-collision.o -I.csconfig -MF .csconfig/test/415-translation-collision.d test/cpp/src/415-translation-collision.cc
g++ @global.options @absolute.options -MM -MT .csconfig/test/414-tag-check-bound.d -MT .csconfig/test/414-tag-check-bound.o -I.csconfig -MF .csconfig/test/414-tag-check-bound.d test/cpp/src/414-tag-check-bound.cc
g++ @global.options @absolute.options -MM -MT .csconfig/test/413-hit-under-miss.d -MT .csconfig/test/413-hit-under-miss.o -I.csconfig -MF .csconfig/test/413-hit-under-miss.d test/cpp/src/413-hit-under-miss.cc
g++ @global.options @absolute.options -MM -MT .csconfig/test/412-queue-translation-miss.d -MT .csconfig/test/412-queue-translation-miss.o -I.csconfig -MF .csconfig/test/412-queue-translation-miss.d test/cpp/src/412-queue-translation-miss.cc
g++ @global.options @absolute.options -MM -MT .csconfig/test/411-queue-translation-hit.d -MT .csconfig/test/411-queue-translation-hit.o -I.csconfig -MF .csconfig/test/411-queue-translation-hit.d test/cpp/src/411-queue-translation-hit.cc
g++ @global.options @absolute.options -MM -MT .csconfig/test/410-queue-collision.d -MT .csconfig/test/410-queue-collision.o -I.csconfig -MF .csconfig/test/410-queue-collision.d test/cpp/src/410-queue-collision.cc
g++ @global.options @absolute.options -MM -MT .csconfig/test/408-set-independence.d -MT .csconfig/test/408-set-independence.o -I.csconfig -MF .csconfig/test/408-set-independence.d test/cpp/src/408-set-independence.cc
g++ @global.options @absolute.options -MM -MT .csconfig/test/407-writeback-dirty.d -MT .csconfig/test/407-writeback-dirty.o -I.csconfig -MF .csconfig/test/407-writeback-dirty.d test/cpp/src/407-writeback-dirty.cc
g++ @global.options @absolute.options -MM -MT .csconfig/test/406-mshr-merge.d -MT .csconfig/test/406-mshr-merge.o -I.csconfig -MF .csconfig/test/406-mshr-merge.d test/cpp/src/406-mshr-merge.cc
g++ @global.options @absolute.options -MM -MT .csconfig/test/405-fill-eviction.d -MT .csconfig/test/405-fill-eviction.o -I.csconfig -MF .csconfig/test/405-fill-eviction.d test/cpp/src/405-fill-eviction.cc
g++ @global.options @absolute.options -MM -MT .csconfig/test/404-fill-bandwidth.d -MT .csconfig/test/404-fill-bandwidth.o -I.csconfig -MF .csconfig/test/404-fill-bandwidth.d test/cpp/src/404-fill-bandwidth.cc
g++ @global.options @absolute.options -MM -MT .csconfig/test/403-read-bandwidth.d -MT .csconfig/test/403-read-bandwidth.o -I.csconfig -MF .csconfig/test/403-read-bandwidth.d test/cpp/src/403-read-bandwidth.cc
g++ @global.options @absolute.options -MM -MT .csconfig/test/402-miss-latency.d -MT .csconfig/test/402-miss-latency.o -I.csconfig -MF .csconfig/test/402-miss-latency.d test/cpp/src/402-miss-latency.cc
g++ @global.options @absolute.options -MM -MT .csconfig/test/401-hit-latency.d -MT .csconfig/test/401-hit-latency.o -I.csconfig -MF .csconfig/test/401-hit-latency.d test/cpp/src/401-hit-latency.cc
g++ @global.options @absolute.options -MM -MT .csconfig/test/400-cache-occupancy-size.d -MT .csconfig/test/400-cache-occupancy-size.o -I.csconfig -MF .csconfig/test/400-cache-occupancy-size.d test/cpp/src/400-cache-occupancy-size.cc
g++ @global.options @absolute.options -MM -MT .csconfig/test/300-retire-from-rob.d -MT .csconfig/test/300-retire-from-rob.o -I.csconfig -MF .csconfig/test/300-retire-from-rob.d test/cpp/src/300-retire-from-rob.cc
g++ @global.options @absolute.options -MM -MT .csconfig/test/250-load-scheduling.d -MT .csconfig/test/250-load-scheduling.o -I.csconfig -MF .csconfig/test/250-load-scheduling.d test/cpp/src/250-load-scheduling.cc
g++ @global.options @absolute.options -MM -MT .csconfig/test/201-register-rename.d -MT .csconfig/test/201-register-rename.o -I.csconfig -MF .csconfig/test/201-register-rename.d test/cpp/src/201-register-rename.cc
g++ @global.options @absolute.options -MM -MT .csconfig/test/200-rob-scheduling.d -MT .csconfig/test/200-rob-scheduling.o -I.csconfig -MF .csconfig/test/200-rob-scheduling.d test/cpp/src/200-rob-scheduling.cc
g++ @global.options @absolute.options -MM -MT .csconfig/test/198-core-plain-printer.d -MT .csconfig/test/198-core-plain-printer.o -I.csconfig -MF .csconfig/test/198-core-plain-printer.d test/cpp/src/198-core-plain-printer.cc
g++ @global.options @absolute.options -MM -MT .csconfig/test/174-hashed-perceptron-ghist.d -MT .csconfig/test/174-hashed-perceptron-ghist.o -I.csconfig -MF .csconfig/test/174-hashed-perceptron-ghist.d test/cpp/src/174-hashed-perceptron-ghist.cc
g++ @global.options @absolute.options -MM -MT .csconfig/test/171-bimodal-branch-predictor.d -MT .csconfig/test/171-bimodal-branch-predictor.o -I.csconfig -MF .csconfig/test/171-bimodal-branch-predictor.d test/cpp/src/171-bimodal-branch-predictor.cc
g++ @global.options @absolute.options -MM -MT .csconfig/test/166-issue296-basic-btb-no-mispredict-on-not-taken.d -MT .csconfig/test/166-issue296-basic-btb-no-mispredict-on-not-taken.o -I.csconfig -MF .csconfig/test/166-issue296-basic-btb-no-mispredict-on-not-taken.d test/cpp/src/166-issue296-basic-btb-no-mispredict-on-not-taken.cc
g++ @global.options @absolute.options -MM -MT .csconfig/test/165-basic-btb-no-evict-on-unknown-target.d -MT .csconfig/test/165-basic-btb-no-evict-on-unknown-target.o -I.csconfig -MF .csconfig/test/165-basic-btb-no-evict-on-unknown-target.d test/cpp/src/165-basic-btb-no-evict-on-unknown-target.cc
g++ @global.options @absolute.options -MM -MT .csconfig/test/151-fetch-across-dib-hit.d -MT .csconfig/test/151-fetch-across-dib-hit.o -I.csconfig -MF .csconfig/test/151-fetch-across-dib-hit.d test/cpp/src/151-fetch-across-dib-hit.cc
g++ @global.options @absolute.options -MM -MT .csconfig/test/150-fetch-bandwidth.d -MT .csconfig/test/150-fetch-bandwidth.o -I.csconfig -MF .csconfig/test/150-fetch-bandwidth.d test/cpp/src/150-fetch-bandwidth.cc
g++ @global.options @absolute.options -MM -MT .csconfig/test/140-single-dib-lookup.d -MT .csconfig/test/140-single-dib-lookup.o -I.csconfig -MF .csconfig/test/140-single-dib-lookup.d test/cpp/src/140-single-dib-lookup.cc
g++ @global.options @absolute.options -MM -MT .csconfig/test/121-dib-inorder.d -MT .csconfig/test/121-dib-inorder.o -I.csconfig -MF .csconfig/test/121-dib-inorder.d test/cpp/src/121-dib-inorder.cc
g++ @global.options @absolute.options -MM -MT .csconfig/test/120-dib-bypass-decode.d -MT .csconfig/test/120-dib-bypass-decode.o -I.csconfig -MF .csconfig/test/120-dib-bypass-decode.d test/cpp/src/120-dib-bypass-decode.cc
g++ @global.options @absolute.options -MM -MT .csconfig/test/100-core-latency.d -MT .csconfig/test/100-core-latency.o -I.csconfig -MF .csconfig/test/100-core-latency.d test/cpp/src/100-core-latency.cc
g++ @global.options @absolute.options -MM -MT .csconfig/test/092-ptw-builder.d -MT .csconfig/test/092-ptw-builder.o -I.csconfig -MF .csconfig/test/092-ptw-builder.d test/cpp/src/092-ptw-builder.cc
g++ @global.options @absolute.options -MM -MT .csconfig/test/091-cache-builder.d -MT .csconfig/test/091-cache-builder.o -I.csconfig -MF .csconfig/test/091-cache-builder.d test/cpp/src/091-cache-builder.cc
g++ @global.options @absolute.options -MM -MT .csconfig/test/085-repeatable.d -MT .csconfig/test/085-repeatable.o -I.csconfig -MF .csconfig/test/085-repeatable.d test/cpp/src/085-repeatable.cc
g++ @global.options @absolute.options -MM -MT .csconfig/test/084-tracereader-eof.d -MT .csconfig/test/084-tracereader-eof.o -I.csconfig -MF .csconfig/test/084-tracereader-eof.d test/cpp/src/084-tracereader-eof.cc
g++ @global.options @absolute.options -MM -MT .csconfig/test/083-decompress-stream.d -MT .csconfig/test/083-decompress-stream.o -I.csconfig -MF .csconfig/test/083-decompress-stream.d test/cpp/src/083-decompress-stream.cc
g++ @global.options @absolute.options -MM -MT .csconfig/test/082-branch-targets.d -MT .csconfig/test/082-branch-targets.o -I.csconfig -MF .csconfig/test/082-branch-targets.d test/cpp/src/082-branch-targets.cc
g++ @global.options @absolute.options -MM -MT .csconfig/test/081-tracereader-instr-id.d -MT .csconfig/test/081-tracereader-instr-id.o -I.csconfig -MF .csconfig/test/081-tracereader-instr-id.d test/cpp/src/081-tracereader-instr-id.cc
g++ @global.options @absolute.options -MM -MT .csconfig/test/080-tracereader.d -MT .csconfig/test/080-tracereader.o -I.csconfig -MF .csconfig/test/080-tracereader.d test/cpp/src/080-tracereader.cc
g++ @global.options @absolute.options -MM -MT .csconfig/test/070-event-counter.d -MT .csconfig/test/070-event-counter.o -I.csconfig -MF .csconfig/test/070-event-counter.d test/cpp/src/070-event-counter.cc
g++ @global.options @absolute.options -MM -MT .csconfig/test/047-extent-set.d -MT .csconfig/test/047-extent-set.o -I.csconfig -MF .csconfig/test/047-extent-set.d test/cpp/src/047-extent-set.cc
g++ @global.options @absolute.options -MM -MT .csconfig/test/046-is-specialization.d -MT .csconfig/test/046-is-specialization.o -I.csconfig -MF .csconfig/test/046-is-specialization.d test/cpp/src/046-is-specialization.cc
g++ @global.options @absolute.options -MM -MT .csconfig/test/045-transform-while-n.d -MT .csconfig/test/045-transform-while-n.o -I.csconfig -MF .csconfig/test/045-transform-while-n.d test/cpp/src/045-transform-while-n.cc
g++ @global.options @absolute.options -MM -MT .csconfig/test/044-extract.d -MT .csconfig/test/044-extract.o -I.csconfig -MF .csconfig/test/044-extract.d test/cpp/src/044-extract.cc
g++ @global.options @absolute.options -MM -MT .csconfig/test/043-fwcounter.d -MT .csconfig/test/043-fwcounter.o -I.csconfig -MF .csconfig/test/043-fwcounter.d test/cpp/src/043-fwcounter.cc
g++ @global.options @absolute.options -MM -MT .csconfig/test/042-get-span.d -MT .csconfig/test/042-get-span.o -I.csconfig -MF .csconfig/test/042-get-span.d test/cpp/src/042-get-span.cc
g++ @global.options @absolute.options -MM -MT .csconfig/test/041-bitwise_ops.d -MT .csconfig/test/041-bitwise_ops.o -I.csconfig -MF .csconfig/test/041-bitwise_ops.d test/cpp/src/041-bitwise_ops.cc
g++ @global.options @absolute.options -MM -MT .csconfig/test/040-lru-table.d -MT .csconfig/test/040-lru-table.o -I.csconfig -MF .csconfig/test/040-lru-table.d test/cpp/src/040-lru-table.cc
g++ @global.options @absolute.options -MM -MT .csconfig/test/039-channel-members.d -MT .csconfig/test/039-channel-members.o -I.csconfig -MF .csconfig/test/039-channel-members.d test/cpp/src/039-channel-members.cc
g++ @global.options @absolute.options -MM -MT .csconfig/test/038-channel-occupancy-size.d -MT .csconfig/test/038-channel-occupancy-size.o -I.csconfig -MF .csconfig/test/038-channel-occupancy-size.d test/cpp/src/038-channel-occupancy-size.cc
g++ @global.options @absolute.options -MM -MT .csconfig/test/037-waitable.d -MT .csconfig/test/037-waitable.o -I.csconfig -MF .csconfig/test/037-waitable.d test/cpp/src/037-waitable.cc
g++ @global.options @absolute.options -MM -MT .csconfig/test/036-bandwidth.d -MT .csconfig/test/036-bandwidth.o -I.csconfig -MF .csconfig/test/036-bandwidth.d test/cpp/src/036-bandwidth.cc
g++ @global.options @absolute.options -MM -MT .csconfig/test/035-data-size.d -MT .csconfig/test/035-data-size.o -I.csconfig -MF .csconfig/test/035-data-size.d test/cpp/src/035-data-size.cc
g++ @global.options @absolute.options -MM -MT .csconfig/test/034-extent.d -MT .csconfig/test/034-extent.o -I.csconfig -MF .csconfig/test/034-extent.d test/cpp/src/034-extent.cc
g++ @global.options @absolute.options -MM -MT .csconfig/test/033-address-arithmetic.d -MT .csconfig/test/033-address-arithmetic.o -I.csconfig -MF .csconfig/test/033-address-arithmetic.d test/cpp/src/033-address-arithmetic.cc
g++ @global.options @absolute.options -MM -MT .csconfig/test/032-address-slice-dynamic.d -MT .csconfig/test/032-address-slice-dynamic.o -I.csconfig -MF .csconfig/test/032-address-slice-dynamic.d test/cpp/src/032-address-slice-dynamic.cc
g++ @global.options @absolute.options -MM -MT .csconfig/test/031-address-slice.d -MT .csconfig/test/031-address-slice.o -I.csconfig -MF .csconfig/test/031-address-slice.d test/cpp/src/031-address-slice.cc
g++ @global.options @absolute.options -MM -MT .csconfig/test/030-address-ops.d -MT .csconfig/test/030-address-ops.o -I.csconfig -MF .csconfig/test/030-address-ops.d test/cpp/src/030-address-ops.cc
g++ @global.options @absolute.options -MM -MT .csconfig/test/001-operable.d -MT .csconfig/test/001-operable.o -I.csconfig -MF .csconfig/test/001-operable.d test/cpp/src/001-operable.cc
g++ @global.options @absolute.options -MM -MT .csconfig/test/TEST_000-test-main.d -MT .csconfig/test/TEST_000-test-main.o -I.csconfig -MF .csconfig/test/TEST_000-test-main.d test/cpp/src/000-test-main.cc
g++ @global.options @absolute.options -MM -MT .csconfig/vmem.d -MT .csconfig/vmem.o -I.csconfig -MF .csconfig/vmem.d src/vmem.cc
g++ @global.options @absolute.options -MM -MT .csconfig/tracereader.d -MT .csconfig/tracereader.o -I.csconfig -MF .csconfig/tracereader.d src/tracereader.cc
g++ @global.options @absolute.options -MM -MT .csconfig/register_allocator.d -MT .csconfig/register_allocator.o -I.csconfig -MF .csconfig/register_allocator.d src/register_allocator.cc
g++ @global.options @absolute.options -MM -MT .csconfig/ptw.d -MT .csconfig/ptw.o -I.csconfig -MF .csconfig/ptw.d src/ptw.cc
g++ @global.options @absolute.options -MM -MT .csconfig/ptw_builder.d -MT .csconfig/ptw_builder.o -I.csconfig -MF .csconfig/ptw_builder.d src/ptw_builder.cc
g++ @global.options @absolute.options -MM -MT .csconfig/plain_printer.d -MT .csconfig/plain_printer.o -I.csconfig -MF .csconfig/plain_printer.d src/plain_printer.cc
g++ @global.options @absolute.options -MM -MT .csconfig/operable.d -MT .csconfig/operable.o -I.csconfig -MF .csconfig/operable.d src/operable.cc
g++ @global.options @absolute.options -MM -MT .csconfig/ooo_cpu.d -MT .csconfig/ooo_cpu.o -I.csconfig -MF .csconfig/ooo_cpu.d src/ooo_cpu.cc
g++ @global.options @absolute.options -MM -MT .csconfig/modules.d -MT .csconfig/modules.o -I.csconfig -MF .csconfig/modules.d src/modules.cc
g++ @global.options @absolute.options -MM -MT .csconfig/ba7afbd640ee93c3_main.d -MT .csconfig/ba7afbd640ee93c3_main.o -I.csconfig -DCHAMPSIM_BUILD=0xba7afbd640ee93c3 -MF .csconfig/ba7afbd640ee93c3_main.d src/main.cc
g++ @global.options @absolute.options -MM -MT .csconfig/json_printer.d -MT .csconfig/json_printer.o -I.csconfig -MF .csconfig/json_printer.d src/json_printer.cc
g++ @global.options @absolute.options -MM -MT .csconfig/generated_environment.d -MT .csconfig/generated_environment.o -I.csconfig -MF .csconfig/generated_environment.d src/generated_environment.cc
g++ @global.options @absolute.options -MM -MT .csconfig/extent.d -MT .csconfig/extent.o -I.csconfig -MF .csconfig/extent.d src/extent.cc
g++ @global.options @absolute.options -MM -MT .csconfig/dram_stats.d -MT .csconfig/dram_stats.o -I.csconfig -MF .csconfig/dram_stats.d src/dram_stats.cc
g++ @global.options @absolute.options -MM -MT .csconfig/dram_controller.d -MT .csconfig/dram_controller.o -I.csconfig -MF .csconfig/dram_controller.d src/dram_controller.cc
g++ @global.options @absolute.options -MM -MT .csconfig/core_stats.d -MT .csconfig/core_stats.o -I.csconfig -MF .csconfig/core_stats.d src/core_stats.cc
g++ @global.options @absolute.options -MM -MT .csconfig/chrono.d -MT .csconfig/chrono.o -I.csconfig -MF .csconfig/chrono.d src/chrono.cc
g++ @global.options @absolute.options -MM -MT .csconfig/channel.d -MT .csconfig/channel.o -I.csconfig -MF .csconfig/channel.d src/channel.cc
g++ @global.options @absolute.options -MM -MT .csconfig/champsim.d -MT .csconfig/champsim.o -I.csconfig -MF .csconfig/champsim.d src/champsim.cc
g++ @global.options @absolute.options -MM -MT .csconfig/cache_stats.d -MT .csconfig/cache_stats.o -I.csconfig -MF .csconfig/cache_stats.d src/cache_stats.cc
g++ @global.options @absolute.options -MM -MT .csconfig/cache.d -MT .csconfig/cache.o -I.csconfig -MF .csconfig/cache.d src/cache.cc
g++ @global.options @absolute.options -MM -MT .csconfig/bandwidth.d -MT .csconfig/bandwidth.o -I.csconfig -MF .csconfig/bandwidth.d src/bandwidth.cc
g++ @global.options @absolute.options -MM -MT .csconfig/address.d -MT .csconfig/address.o -I.csconfig -MF .csconfig/address.d src/address.cc
g++ @global.options @absolute.options -MM -MT .csconfig/TEST_main.d -MT .csconfig/TEST_main.o -I.csconfig -DCHAMPSIM_BUILD=0xTEST -MF .csconfig/TEST_main.d src/main.cc
g++ @global.options @absolute.options -I.csconfig  -c -o .csconfig/address.o src/address.cc
g++ @global.options @absolute.options -I.csconfig  -c -o .csconfig/bandwidth.o src/bandwidth.cc
g++ @global.options @absolute.options -I.csconfig  -c -o .csconfig/cache.o src/cache.cc
g++ @global.options @absolute.options -I.csconfig  -c -o .csconfig/cache_stats.o src/cache_stats.cc
g++ @global.options @absolute.options -I.csconfig  -c -o .csconfig/champsim.o src/champsim.cc
g++ @global.options @absolute.options -I.csconfig  -c -o .csconfig/channel.o src/channel.cc
g++ @global.options @absolute.options -I.csconfig  -c -o .csconfig/chrono.o src/chrono.cc
g++ @global.options @absolute.options -I.csconfig  -c -o .csconfig/core_stats.o src/core_stats.cc
g++ @global.options @absolute.options -I.csconfig  -c -o .csconfig/dram_controller.o src/dram_controller.cc
g++ @global.options @absolute.options -I.csconfig  -c -o .csconfig/dram_stats.o src/dram_stats.cc
g++ @global.options @absolute.options -I.csconfig  -c -o .csconfig/extent.o src/extent.cc
g++ @global.options @absolute.options -I.csconfig  -c -o .csconfig/generated_environment.o src/generated_environment.cc
g++ @global.options @absolute.options -I.csconfig  -c -o .csconfig/json_printer.o src/json_printer.cc
g++ @global.options @absolute.options -I.csconfig -DCHAMPSIM_BUILD=0xba7afbd640ee93c3  -c -o .csconfig/ba7afbd640ee93c3_main.o src/main.cc
g++ @global.options @absolute.options -I.csconfig  -c -o .csconfig/modules.o src/modules.cc
g++ @global.options @absolute.options -I.csconfig  -c -o .csconfig/ooo_cpu.o src/ooo_cpu.cc
g++ @global.options @absolute.options -I.csconfig  -c -o .csconfig/operable.o src/operable.cc
g++ @global.options @absolute.options -I.csconfig  -c -o .csconfig/plain_printer.o src/plain_printer.cc
g++ @global.options @absolute.options -I.csconfig  -c -o .csconfig/ptw_builder.o src/ptw_builder.cc
g++ @global.options @absolute.options -I.csconfig  -c -o .csconfig/ptw.o src/ptw.cc
g++ @global.options @absolute.options -I.csconfig  -c -o .csconfig/register_allocator.o src/register_allocator.cc
g++ @global.options @absolute.options -I.csconfig  -c -o .csconfig/tracereader.o src/tracereader.cc
g++ @global.options @absolute.options -I.csconfig  -c -o .csconfig/vmem.o src/vmem.cc
g++ @global.options @absolute.options @module.options -I.csconfig  -c -o .csconfig/modules/branch/bimodal/bimodal.o branch/bimodal/bimodal.cc
g++ @global.options @absolute.options @module.options -I.csconfig  -c -o .csconfig/modules/branch/gshare/gshare.o branch/gshare/gshare.cc
g++ @global.options @absolute.options @module.options -I.csconfig  -c -o .csconfig/modules/branch/hashed_perceptron/hashed_perceptron.o branch/hashed_perceptron/hashed_perceptron.cc
g++ @global.options @absolute.options @module.options -I.csconfig  -c -o .csconfig/modules/branch/perceptron/perceptron.o branch/perceptron/perceptron.cc
g++ @global.options @absolute.options @module.options -I.csconfig  -c -o .csconfig/modules/btb/basic_btb/basic_btb.o btb/basic_btb/basic_btb.cc
g++ @global.options @absolute.options @module.options -I.csconfig  -c -o .csconfig/modules/btb/basic_btb/direct_predictor.o btb/basic_btb/direct_predictor.cc
g++ @global.options @absolute.options @module.options -I.csconfig  -c -o .csconfig/modules/btb/basic_btb/indirect_predictor.o btb/basic_btb/indirect_predictor.cc
g++ @global.options @absolute.options @module.options -I.csconfig  -c -o .csconfig/modules/btb/basic_btb/return_stack.o btb/basic_btb/return_stack.cc
g++ @global.options @absolute.options @module.options -I.csconfig  -c -o .csconfig/modules/prefetcher/baseline/baseline.o prefetcher/baseline/baseline.cc

=== STDERR ===
cc1plus: error: to generate dependencies you must specify either ‘-M’ or ‘-MM’
cc1plus: error: to generate dependencies you must specify either ‘-M’ or ‘-MM’
cc1plus: error: to generate dependencies you must specify either ‘-M’ or ‘-MM’
cc1plus: error: to generate dependencies you must specify either ‘-M’ or ‘-MM’
cc1plus: error: to generate dependencies you must specify either ‘-M’ or ‘-MM’
cc1plus: error: to generate dependencies you must specify either ‘-M’ or ‘-MM’
cc1plus: error: to generate dependencies you must specify either ‘-M’ or ‘-MM’
cc1plus: error: to generate dependencies you must specify either ‘-M’ or ‘-MM’
cc1plus: error: to generate dependencies you must specify either ‘-M’ or ‘-MM’
cc1plus: error: to generate dependencies you must specify either ‘-M’ or ‘-MM’
cc1plus: error: to generate dependencies you must specify either ‘-M’ or ‘-MM’
cc1plus: error: to generate dependencies you must specify either ‘-M’ or ‘-MM’
cc1plus: error: to generate dependencies you must specify either ‘-M’ or ‘-MM’
cc1plus: error: to generate dependencies you must specify either ‘-M’ or ‘-MM’
cc1plus: error: to generate dependencies you must specify either ‘-M’ or ‘-MM’
cc1plus: error: to generate dependencies you must specify either ‘-M’ or ‘-MM’
cc1plus: error: to generate dependencies you must specify either ‘-M’ or ‘-MM’
cc1plus: error: to generate dependencies you must specify either ‘-M’ or ‘-MM’
cc1plus: error: to generate dependencies you must specify either ‘-M’ or ‘-MM’
cc1plus: error: to generate dependencies you must specify either ‘-M’ or ‘-MM’
cc1plus: error: to generate dependencies you must specify either ‘-M’ or ‘-MM’
cc1plus: error: to generate dependencies you must specify either ‘-M’ or ‘-MM’
cc1plus: error: to generate dependencies you must specify either ‘-M’ or ‘-MM’
cc1plus: error: to generate dependencies you must specify either ‘-M’ or ‘-MM’
cc1plus: error: to generate dependencies you must specify either ‘-M’ or ‘-MM’
cc1plus: error: to generate dependencies you must specify either ‘-M’ or ‘-MM’
cc1plus: error: to generate dependencies you must specify either ‘-M’ or ‘-MM’
cc1plus: error: to generate dependencies you must specify either ‘-M’ or ‘-MM’
cc1plus: error: to generate dependencies you must specify either ‘-M’ or ‘-MM’
cc1plus: error: to generate dependencies you must specify either ‘-M’ or ‘-MM’
cc1plus: error: to generate dependencies you must specify either ‘-M’ or ‘-MM’
cc1plus: error: to generate dependencies you must specify either ‘-M’ or ‘-MM’
cc1plus: error: to generate dependencies you must specify either ‘-M’ or ‘-MM’
cc1plus: error: to generate dependencies you must specify either ‘-M’ or ‘-MM’
cc1plus: error: to generate dependencies you must specify either ‘-M’ or ‘-MM’
cc1plus: error: to generate dependencies you must specify either ‘-M’ or ‘-MM’
cc1plus: error: to generate dependencies you must specify either ‘-M’ or ‘-MM’
cc1plus: error: to generate dependencies you must specify either ‘-M’ or ‘-MM’
cc1plus: error: to generate dependencies you must specify either ‘-M’ or ‘-MM’
cc1plus: error: to generate dependencies you must specify either ‘-M’ or ‘-MM’
cc1plus: error: to generate dependencies you must specify either ‘-M’ or ‘-MM’
cc1plus: error: to generate dependencies you must specify either ‘-M’ or ‘-MM’
cc1plus: error: to generate dependencies you must specify either ‘-M’ or ‘-MM’
cc1plus: error: to generate dependencies you must specify either ‘-M’ or ‘-MM’
cc1plus: error: to generate dependencies you must specify either ‘-M’ or ‘-MM’
cc1plus: error: to generate dependencies you must specify either ‘-M’ or ‘-MM’
cc1plus: error: to generate dependencies you must specify either ‘-M’ or ‘-MM’
cc1plus: error: to generate dependencies you must specify either ‘-M’ or ‘-MM’
cc1plus: error: to generate dependencies you must specify either ‘-M’ or ‘-MM’
cc1plus: error: to generate dependencies you must specify either ‘-M’ or ‘-MM’
cc1plus: error: to generate dependencies you must specify either ‘-M’ or ‘-MM’
cc1plus: error: to generate dependencies you must specify either ‘-M’ or ‘-MM’
cc1plus: error: to generate dependencies you must specify either ‘-M’ or ‘-MM’
cc1plus: error: to generate dependencies you must specify either ‘-M’ or ‘-MM’
cc1plus: error: to generate dependencies you must specify either ‘-M’ or ‘-MM’
cc1plus: error: to generate dependencies you must specify either ‘-M’ or ‘-MM’
cc1plus: error: to generate dependencies you must specify either ‘-M’ or ‘-MM’
cc1plus: error: to generate dependencies you must specify either ‘-M’ or ‘-MM’
cc1plus: error: to generate dependencies you must specify either ‘-M’ or ‘-MM’
cc1plus: error: to generate dependencies you must specify either ‘-M’ or ‘-MM’
cc1plus: error: to generate dependencies you must specify either ‘-M’ or ‘-MM’
cc1plus: error: to generate dependencies you must specify either ‘-M’ or ‘-MM’
cc1plus: error: to generate dependencies you must specify either ‘-M’ or ‘-MM’
cc1plus: error: to generate dependencies you must specify either ‘-M’ or ‘-MM’
cc1plus: error: to generate dependencies you must specify either ‘-M’ or ‘-MM’
cc1plus: error: to generate dependencies you must specify either ‘-M’ or ‘-MM’
cc1plus: error: to generate dependencies you must specify either ‘-M’ or ‘-MM’
cc1plus: error: to generate dependencies you must specify either ‘-M’ or ‘-MM’
cc1plus: error: to generate dependencies you must specify either ‘-M’ or ‘-MM’
cc1plus: error: to generate dependencies you must specify either ‘-M’ or ‘-MM’
cc1plus: error: to generate dependencies you must specify either ‘-M’ or ‘-MM’
cc1plus: error: to generate dependencies you must specify either ‘-M’ or ‘-MM’
cc1plus: error: to generate dependencies you must specify either ‘-M’ or ‘-MM’
cc1plus: error: to generate dependencies you must specify either ‘-M’ or ‘-MM’
cc1plus: error: to generate dependencies you must specify either ‘-M’ or ‘-MM’
cc1plus: error: to generate dependencies you must specify either ‘-M’ or ‘-MM’
cc1plus: error: to generate dependencies you must specify either ‘-M’ or ‘-MM’
cc1plus: error: to generate dependencies you must specify either ‘-M’ or ‘-MM’
cc1plus: error: to generate dependencies you must specify either ‘-M’ or ‘-MM’
cc1plus: error: to generate dependencies you must specify either ‘-M’ or ‘-MM’
cc1plus: error: to generate dependencies you must specify either ‘-M’ or ‘-MM’
cc1plus: error: to generate dependencies you must specify either ‘-M’ or ‘-MM’
cc1plus: error: to generate dependencies you must specify either ‘-M’ or ‘-MM’
cc1plus: error: to generate dependencies you must specify either ‘-M’ or ‘-MM’
cc1plus: error: to generate dependencies you must specify either ‘-M’ or ‘-MM’
cc1plus: error: to generate dependencies you must specify either ‘-M’ or ‘-MM’
cc1plus: error: to generate dependencies you must specify either ‘-M’ or ‘-MM’
cc1plus: error: to generate dependencies you must specify either ‘-M’ or ‘-MM’
cc1plus: error: to generate dependencies you must specify either ‘-M’ or ‘-MM’
cc1plus: error: to generate dependencies you must specify either ‘-M’ or ‘-MM’
cc1plus: error: to generate dependencies you must specify either ‘-M’ or ‘-MM’
cc1plus: error: to generate dependencies you must specify either ‘-M’ or ‘-MM’
cc1plus: error: to generate dependencies you must specify either ‘-M’ or ‘-MM’
cc1plus: error: to generate dependencies you must specify either ‘-M’ or ‘-MM’
cc1plus: error: to generate dependencies you must specify either ‘-M’ or ‘-MM’
cc1plus: error: to generate dependencies you must specify either ‘-M’ or ‘-MM’
cc1plus: error: to generate dependencies you must specify either ‘-M’ or ‘-MM’
cc1plus: error: to generate dependencies you must specify either ‘-M’ or ‘-MM’
cc1plus: error: to generate dependencies you must specify either ‘-M’ or ‘-MM’
cc1plus: error: to generate dependencies you must specify either ‘-M’ or ‘-MM’
cc1plus: error: to generate dependencies you must specify either ‘-M’ or ‘-MM’
cc1plus: error: to generate dependencies you must specify either ‘-M’ or ‘-MM’
cc1plus: error: to generate dependencies you must specify either ‘-M’ or ‘-MM’
cc1plus: error: to generate dependencies you must specify either ‘-M’ or ‘-MM’
cc1plus: error: to generate dependencies you must specify either ‘-M’ or ‘-MM’
cc1plus: error: to generate dependencies you must specify either ‘-M’ or ‘-MM’
cc1plus: error: to generate dependencies you must specify either ‘-M’ or ‘-MM’
cc1plus: error: to generate dependencies you must specify either ‘-M’ or ‘-MM’
cc1plus: error: to generate dependencies you must specify either ‘-M’ or ‘-MM’
cc1plus: error: to generate dependencies you must specify either ‘-M’ or ‘-MM’
cc1plus: error: to generate dependencies you must specify either ‘-M’ or ‘-MM’
cc1plus: error: to generate dependencies you must specify either ‘-M’ or ‘-MM’
cc1plus: error: to generate dependencies you must specify either ‘-M’ or ‘-MM’
cc1plus: error: to generate dependencies you must specify either ‘-M’ or ‘-MM’
cc1plus: error: to generate dependencies you must specify either ‘-M’ or ‘-MM’
cc1plus: error: to generate dependencies you must specify either ‘-M’ or ‘-MM’
cc1plus: error: to generate dependencies you must specify either ‘-M’ or ‘-MM’
cc1plus: error: to generate dependencies you must specify either ‘-M’ or ‘-MM’
cc1plus: error: to generate dependencies you must specify either ‘-M’ or ‘-MM’
cc1plus: error: to generate dependencies you must specify either ‘-M’ or ‘-MM’
cc1plus: error: to generate dependencies you must specify either ‘-M’ or ‘-MM’
cc1plus: error: to generate dependencies you must specify either ‘-M’ or ‘-MM’
cc1plus: error: to generate dependencies you must specify either ‘-M’ or ‘-MM’
cc1plus: error: to generate dependencies you must specify either ‘-M’ or ‘-MM’
cc1plus: error: to generate dependencies you must specify either ‘-M’ or ‘-MM’
cc1plus: error: to generate dependencies you must specify either ‘-M’ or ‘-MM’
cc1plus: error: to generate dependencies you must specify either ‘-M’ or ‘-MM’
cc1plus: error: to generate dependencies you must specify either ‘-M’ or ‘-MM’
cc1plus: error: to generate dependencies you must specify either ‘-M’ or ‘-MM’
cc1plus: error: to generate dependencies you must specify either ‘-M’ or ‘-MM’
cc1plus: error: to generate dependencies you must specify either ‘-M’ or ‘-MM’
cc1plus: error: to generate dependencies you must specify either ‘-M’ or ‘-MM’
cc1plus: error: to generate dependencies you must specify either ‘-M’ or ‘-MM’
cc1plus: error: to generate dependencies you must specify either ‘-M’ or ‘-MM’
cc1plus: error: to generate dependencies you must specify either ‘-M’ or ‘-MM’
cc1plus: error: to generate dependencies you must specify either ‘-M’ or ‘-MM’
cc1plus: error: to generate dependencies you must specify either ‘-M’ or ‘-MM’
cc1plus: error: to generate dependencies you must specify either ‘-M’ or ‘-MM’
cc1plus: error: to generate dependencies you must specify either ‘-M’ or ‘-MM’
cc1plus: error: to generate dependencies you must specify either ‘-M’ or ‘-MM’
cc1plus: error: to generate dependencies you must specify either ‘-M’ or ‘-MM’
cc1plus: error: to generate dependencies you must specify either ‘-M’ or ‘-MM’
cc1plus: error: to generate dependencies you must specify either ‘-M’ or ‘-MM’
cc1plus: error: to generate dependencies you must specify either ‘-M’ or ‘-MM’
cc1plus: error: to generate dependencies you must specify either ‘-M’ or ‘-MM’
cc1plus: error: to generate dependencies you must specify either ‘-M’ or ‘-MM’
cc1plus: error: to generate dependencies you must specify either ‘-M’ or ‘-MM’
cc1plus: error: to generate dependencies you must specify either ‘-M’ or ‘-MM’
cc1plus: error: to generate dependencies you must specify either ‘-M’ or ‘-MM’
cc1plus: error: to generate dependencies you must specify either ‘-M’ or ‘-MM’
cc1plus: error: to generate dependencies you must specify either ‘-M’ or ‘-MM’
cc1plus: error: to generate dependencies you must specify either ‘-M’ or ‘-MM’
cc1plus: error: to generate dependencies you must specify either ‘-M’ or ‘-MM’
cc1plus: error: to generate dependencies you must specify either ‘-M’ or ‘-MM’
cc1plus: error: to generate dependencies you must specify either ‘-M’ or ‘-MM’
cc1plus: error: to generate dependencies you must specify either ‘-M’ or ‘-MM’
cc1plus: error: to generate dependencies you must specify either ‘-M’ or ‘-MM’
cc1plus: error: to generate dependencies you must specify either ‘-M’ or ‘-MM’
cc1plus: error: to generate dependencies you must specify either ‘-M’ or ‘-MM’
cc1plus: error: to generate dependencies you must specify either ‘-M’ or ‘-MM’
cc1plus: error: to generate dependencies you must specify either ‘-M’ or ‘-MM’
cc1plus: error: to generate dependencies you must specify either ‘-M’ or ‘-MM’
cc1plus: error: to generate dependencies you must specify either ‘-M’ or ‘-MM’
cc1plus: error: to generate dependencies you must specify either ‘-M’ or ‘-MM’
cc1plus: error: to generate dependencies you must specify either ‘-M’ or ‘-MM’
cc1plus: error: to generate dependencies you must specify either ‘-M’ or ‘-MM’
cc1plus: error: to generate dependencies you must specify either ‘-M’ or ‘-MM’
cc1plus: error: to generate dependencies you must specify either ‘-M’ or ‘-MM’
cc1plus: error: to generate dependencies you must specify either ‘-M’ or ‘-MM’
cc1plus: error: to generate dependencies you must specify either ‘-M’ or ‘-MM’
cc1plus: error: to generate dependencies you must specify either ‘-M’ or ‘-MM’
cc1plus: error: to generate dependencies you must specify either ‘-M’ or ‘-MM’
cc1plus: error: to generate dependencies you must specify either ‘-M’ or ‘-MM’
cc1plus: error: to generate dependencies you must specify either ‘-M’ or ‘-MM’
cc1plus: error: to generate dependencies you must specify either ‘-M’ or ‘-MM’
cc1plus: error: to generate dependencies you must specify either ‘-M’ or ‘-MM’
cc1plus: error: to generate dependencies you must specify either ‘-M’ or ‘-MM’
cc1plus: error: to generate dependencies you must specify either ‘-M’ or ‘-MM’
cc1plus: error: to generate dependencies you must specify either ‘-M’ or ‘-MM’
cc1plus: error: to generate dependencies you must specify either ‘-M’ or ‘-MM’
cc1plus: error: to generate dependencies you must specify either ‘-M’ or ‘-MM’
cc1plus: error: to generate dependencies you must specify either ‘-M’ or ‘-MM’
cc1plus: error: to generate dependencies you must specify either ‘-M’ or ‘-MM’
cc1plus: error: to generate dependencies you must specify either ‘-M’ or ‘-MM’
cc1plus: error: to generate dependencies you must specify either ‘-M’ or ‘-MM’
cc1plus: error: to generate dependencies you must specify either ‘-M’ or ‘-MM’
cc1plus: error: to generate dependencies you must specify either ‘-M’ or ‘-MM’
cc1plus: error: to generate dependencies you must specify either ‘-M’ or ‘-MM’
cc1plus: error: to generate dependencies you must specify either ‘-M’ or ‘-MM’
cc1plus: error: to generate dependencies you must specify either ‘-M’ or ‘-MM’
cc1plus: error: to generate dependencies you must specify either ‘-M’ or ‘-MM’
cc1plus: error: to generate dependencies you must specify either ‘-M’ or ‘-MM’
cc1plus: error: to generate dependencies you must specify either ‘-M’ or ‘-MM’
cc1plus: error: to generate dependencies you must specify either ‘-M’ or ‘-MM’
cc1plus: error: to generate dependencies you must specify either ‘-M’ or ‘-MM’
cc1plus: error: to generate dependencies you must specify either ‘-M’ or ‘-MM’
cc1plus: error: to generate dependencies you must specify either ‘-M’ or ‘-MM’
cc1plus: error: to generate dependencies you must specify either ‘-M’ or ‘-MM’
cc1plus: error: to generate dependencies you must specify either ‘-M’ or ‘-MM’
cc1plus: error: to generate dependencies you must specify either ‘-M’ or ‘-MM’
cc1plus: error: to generate dependencies you must specify either ‘-M’ or ‘-MM’
cc1plus: error: to generate dependencies you must specify either ‘-M’ or ‘-MM’
cc1plus: error: to generate dependencies you must specify either ‘-M’ or ‘-MM’
cc1plus: error: to generate dependencies you must specify either ‘-M’ or ‘-MM’
cc1plus: error: to generate dependencies you must specify either ‘-M’ or ‘-MM’
cc1plus: error: to generate dependencies you must specify either ‘-M’ or ‘-MM’
cc1plus: error: to generate dependencies you must specify either ‘-M’ or ‘-MM’
cc1plus: error: to generate dependencies you must specify either ‘-M’ or ‘-MM’
cc1plus: error: to generate dependencies you must specify either ‘-M’ or ‘-MM’
cc1plus: error: to generate dependencies you must specify either ‘-M’ or ‘-MM’
cc1plus: error: to generate dependencies you must specify either ‘-M’ or ‘-MM’
cc1plus: error: to generate dependencies you must specify either ‘-M’ or ‘-MM’
cc1plus: error: to generate dependencies you must specify either ‘-M’ or ‘-MM’
cc1plus: error: to generate dependencies you must specify either ‘-M’ or ‘-MM’
cc1plus: error: to generate dependencies you must specify either ‘-M’ or ‘-MM’
cc1plus: error: to generate dependencies you must specify either ‘-M’ or ‘-MM’
cc1plus: error: to generate dependencies you must specify either ‘-M’ or ‘-MM’
cc1plus: error: to generate dependencies you must specify either ‘-M’ or ‘-MM’
cc1plus: error: to generate dependencies you must specify either ‘-M’ or ‘-MM’
cc1plus: error: to generate dependencies you must specify either ‘-M’ or ‘-MM’
cc1plus: error: to generate dependencies you must specify either ‘-M’ or ‘-MM’
cc1plus: error: to generate dependencies you must specify either ‘-M’ or ‘-MM’
cc1plus: error: to generate dependencies you must specify either ‘-M’ or ‘-MM’
cc1plus: error: to generate dependencies you must specify either ‘-M’ or ‘-MM’
cc1plus: error: to generate dependencies you must specify either ‘-M’ or ‘-MM’
cc1plus: error: to generate dependencies you must specify either ‘-M’ or ‘-MM’
cc1plus: error: to generate dependencies you must specify either ‘-M’ or ‘-MM’
cc1plus: error: to generate dependencies you must specify either ‘-M’ or ‘-MM’
cc1plus: error: to generate dependencies you must specify either ‘-M’ or ‘-MM’
cc1plus: error: to generate dependencies you must specify either ‘-M’ or ‘-MM’
cc1plus: error: to generate dependencies you must specify either ‘-M’ or ‘-MM’
cc1plus: error: to generate dependencies you must specify either ‘-M’ or ‘-MM’
src/generated_environment.cc:5:10: fatal error: core_inst.inc: No such file or directory
    5 | #include "core_inst.inc"
      |          ^~~~~~~~~~~~~~~
compilation terminated.
make: *** [Makefile:236: .csconfig/generated_environment.o] Error 1
make: *** Waiting for unfinished jobs....
In file included from src/address.cc:1:
/mnt/data/lyq/PRISM/inc/address.h:36:10: fatal error: fmt/core.h: No such file or directory
   36 | #include <fmt/core.h>
      |          ^~~~~~~~~~~~
compilation terminated.
src/json_printer.cc:19:10: fatal error: nlohmann/json.hpp: No such file or directory
   19 | #include <nlohmann/json.hpp>
      |          ^~~~~~~~~~~~~~~~~~~
compilation terminated.
make: *** [Makefile:236: .csconfig/address.o] Error 1
make: *** [Makefile:236: .csconfig/json_printer.o] Error 1
In file included from /mnt/data/lyq/PRISM/inc/extent.h:28,
                 from /mnt/data/lyq/PRISM/inc/champsim.h:25,
                 from src/champsim.cc:17:
/mnt/data/lyq/PRISM/inc/util/units.h:24:10: fatal error: fmt/core.h: No such file or directory
   24 | #include <fmt/core.h>
      |          ^~~~~~~~~~~~
compilation terminated.
make: *** [Makefile:236: .csconfig/champsim.o] Error 1
In file included from /mnt/data/lyq/PRISM/inc/channel.h:28,
                 from /mnt/data/lyq/PRISM/inc/cache_stats.h:9,
                 from src/cache_stats.cc:1:
/mnt/data/lyq/PRISM/inc/address.h:36:10: fatal error: fmt/core.h: No such file or directory
   36 | #include <fmt/core.h>
      |          ^~~~~~~~~~~~
compilation terminated.
In file included from /mnt/data/lyq/PRISM/inc/extent.h:28,
                 from src/extent.cc:1:
/mnt/data/lyq/PRISM/inc/util/units.h:24:10: fatal error: fmt/core.h: No such file or directory
   24 | #include <fmt/core.h>
      |          ^~~~~~~~~~~~
compilation terminated.
In file included from /mnt/data/lyq/PRISM/inc/modules.h:25,
                 from src/modules.cc:17:
/mnt/data/lyq/PRISM/inc/address.h:36:10: fatal error: fmt/core.h: No such file or directory
   36 | #include <fmt/core.h>
      |          ^~~~~~~~~~~~
compilation terminated.
make: *** [Makefile:236: .csconfig/cache_stats.o] Error 1
In file included from /mnt/data/lyq/PRISM/inc/channel.h:28,
                 from src/channel.cc:17:
/mnt/data/lyq/PRISM/inc/address.h:36:10: fatal error: fmt/core.h: No such file or directory
   36 | #include <fmt/core.h>
      |          ^~~~~~~~~~~~
compilation terminated.
In file included from branch/bimodal/bimodal.h:6,
                 from branch/bimodal/bimodal.cc:1:
/mnt/data/lyq/PRISM/inc/address.h:36:10: fatal error: fmt/core.h: No such file or directory
   36 | #include <fmt/core.h>
      |          ^~~~~~~~~~~~
compilation terminated.
make: *** [Makefile:236: .csconfig/modules.o] Error 1
make: *** [Makefile:236: .csconfig/extent.o] Error 1
make: *** [Makefile:236: .csconfig/channel.o] Error 1
In file included from /mnt/data/lyq/PRISM/inc/cache.h:42,
                 from src/cache.cc:17:
/mnt/data/lyq/PRISM/inc/address.h:36:10: fatal error: fmt/core.h: No such file or directory
   36 | #include <fmt/core.h>
      |          ^~~~~~~~~~~~
compilation terminated.
In file included from btb/basic_btb/basic_btb.h:4,
                 from btb/basic_btb/basic_btb.cc:9:
/mnt/data/lyq/PRISM/inc/address.h:36:10: fatal error: fmt/core.h: No such file or directory
   36 | #include <fmt/core.h>
      |          ^~~~~~~~~~~~
compilation terminated.
In file included from /mnt/data/lyq/PRISM/inc/ptw.h:26,
                 from src/ptw.cc:17:
/mnt/data/lyq/PRISM/inc/address.h:36:10: fatal error: fmt/core.h: No such file or directory
   36 | #include <fmt/core.h>
      |          ^~~~~~~~~~~~
make: *** [Makefile:257: .csconfig/modules/branch/bimodal/bimodal.o] Error 1
compilation terminated.
src/plain_printer.cc:23:10: fatal error: fmt/chrono.h: No such file or directory
   23 | #include <fmt/chrono.h>
      |          ^~~~~~~~~~~~~~
compilation terminated.
In file included from /mnt/data/lyq/PRISM/inc/modules.h:25,
                 from branch/gshare/gshare.h:7,
                 from branch/gshare/gshare.cc:1:
/mnt/data/lyq/PRISM/inc/address.h:36:10: fatal error: fmt/core.h: No such file or directory
   36 | #include <fmt/core.h>
      |          ^~~~~~~~~~~~
compilation terminated.
make: *** [Makefile:257: .csconfig/modules/btb/basic_btb/basic_btb.o] Error 1
make: *** [Makefile:236: .csconfig/cache.o] Error 1
make: *** [Makefile:236: .csconfig/ptw.o] Error 1
In file included from /mnt/data/lyq/PRISM/inc/instruction.h:28,
                 from /mnt/data/lyq/PRISM/inc/core_stats.h:8,
                 from src/core_stats.cc:1:
/mnt/data/lyq/PRISM/inc/address.h:36:10: fatal error: fmt/core.h: No such file or directory
   36 | #include <fmt/core.h>
      |          ^~~~~~~~~~~~
compilation terminated.
make: *** [Makefile:257: .csconfig/modules/branch/gshare/gshare.o] Error 1
In file included from /mnt/data/lyq/PRISM/inc/modules.h:25,
                 from branch/perceptron/perceptron.h:8,
                 from branch/perceptron/perceptron.cc:39:
/mnt/data/lyq/PRISM/inc/address.h:36:10: fatal error: fmt/core.h: No such file or directory
   36 | #include <fmt/core.h>
      |          ^~~~~~~~~~~~
compilation terminated.
make: *** [Makefile:236: .csconfig/plain_printer.o] Error 1
In file included from /mnt/data/lyq/PRISM/inc/modules.h:25,
                 from branch/hashed_perceptron/folded_shift_register.h:6,
                 from branch/hashed_perceptron/hashed_perceptron.h:9,
                 from branch/hashed_perceptron/hashed_perceptron.cc:48:
/mnt/data/lyq/PRISM/inc/address.h:36:10: fatal error: fmt/core.h: No such file or directory
   36 | #include <fmt/core.h>
      |          ^~~~~~~~~~~~
compilation terminated.
In file included from btb/basic_btb/direct_predictor.h:7,
                 from btb/basic_btb/direct_predictor.cc:1:
/mnt/data/lyq/PRISM/inc/address.h:36:10: fatal error: fmt/core.h: No such file or directory
   36 | #include <fmt/core.h>
      |          ^~~~~~~~~~~~
compilation terminated.
In file included from btb/basic_btb/indirect_predictor.h:9,
                 from btb/basic_btb/indirect_predictor.cc:1:
/mnt/data/lyq/PRISM/inc/address.h:36:10: fatal error: fmt/core.h: No such file or directory
   36 | #include <fmt/core.h>
      |          ^~~~~~~~~~~~
compilation terminated.
make: *** [Makefile:236: .csconfig/core_stats.o] Error 1
make: *** [Makefile:257: .csconfig/modules/branch/hashed_perceptron/hashed_perceptron.o] Error 1
make: *** [Makefile:257: .csconfig/modules/branch/perceptron/perceptron.o] Error 1
make: *** [Makefile:257: .csconfig/modules/btb/basic_btb/direct_predictor.o] Error 1
make: *** [Makefile:257: .csconfig/modules/btb/basic_btb/indirect_predictor.o] Error 1
src/main.cc:22:10: fatal error: CLI/CLI.hpp: No such file or directory
   22 | #include <CLI/CLI.hpp>
      |          ^~~~~~~~~~~~~
compilation terminated.
In file included from /mnt/data/lyq/PRISM/inc/dram_controller.h:30,
                 from src/dram_controller.cc:17:
/mnt/data/lyq/PRISM/inc/address.h:36:10: fatal error: fmt/core.h: No such file or directory
   36 | #include <fmt/core.h>
      |          ^~~~~~~~~~~~
compilation terminated.
make: *** [Makefile:229: .csconfig/ba7afbd640ee93c3_main.o] Error 1
make: *** [Makefile:236: .csconfig/dram_controller.o] Error 1
In file included from /mnt/data/lyq/PRISM/inc/extent.h:28,
                 from /mnt/data/lyq/PRISM/inc/champsim.h:25,
                 from /mnt/data/lyq/PRISM/inc/ooo_cpu.h:37,
                 from src/ooo_cpu.cc:17:
/mnt/data/lyq/PRISM/inc/util/units.h:24:10: fatal error: fmt/core.h: No such file or directory
   24 | #include <fmt/core.h>
      |          ^~~~~~~~~~~~
compilation terminated.
In file included from /mnt/data/lyq/PRISM/inc/instruction.h:28,
                 from /mnt/data/lyq/PRISM/inc/register_allocator.h:10,
                 from src/register_allocator.cc:1:
/mnt/data/lyq/PRISM/inc/address.h:36:10: fatal error: fmt/core.h: No such file or directory
   36 | #include <fmt/core.h>
      |          ^~~~~~~~~~~~
compilation terminated.
make: *** [Makefile:236: .csconfig/ooo_cpu.o] Error 1
In file included from /mnt/data/lyq/PRISM/inc/instruction.h:28,
                 from /mnt/data/lyq/PRISM/inc/tracereader.h:27,
                 from src/tracereader.cc:17:
/mnt/data/lyq/PRISM/inc/address.h:36:10: fatal error: fmt/core.h: No such file or directory
   36 | #include <fmt/core.h>
      |          ^~~~~~~~~~~~
compilation terminated.
make: *** [Makefile:236: .csconfig/register_allocator.o] Error 1
In file included from btb/basic_btb/return_stack.h:9,
                 from btb/basic_btb/return_stack.cc:1:
/mnt/data/lyq/PRISM/inc/address.h:36:10: fatal error: fmt/core.h: No such file or directory
   36 | #include <fmt/core.h>
      |          ^~~~~~~~~~~~
make: *** [Makefile:236: .csconfig/tracereader.o] Error 1
compilation terminated.
make: *** [Makefile:257: .csconfig/modules/btb/basic_btb/return_stack.o] Error 1
In file included from /mnt/data/lyq/PRISM/inc/vmem.h:26,
                 from src/vmem.cc:17:
/mnt/data/lyq/PRISM/inc/address.h:36:10: fatal error: fmt/core.h: No such file or directory
   36 | #include <fmt/core.h>
      |          ^~~~~~~~~~~~
compilation terminated.
make: *** [Makefile:236: .csconfig/vmem.o] Error 1
In file included from /mnt/data/lyq/PRISM/inc/cache.h:42,
                 from prefetcher/baseline/baseline.h:17,
                 from prefetcher/baseline/baseline.cc:1:
/mnt/data/lyq/PRISM/inc/address.h:36:10: fatal error: fmt/core.h: No such file or directory
   36 | #include <fmt/core.h>
      |          ^~~~~~~~~~~~
compilation terminated.
make: *** [Makefile:257: .csconfig/modules/prefetcher/baseline/baseline.o] Error 1
