../bin/champsim.baseline.mc --warmup-instructions 50000 --simulation-instructions 50000 /mnt/data/lyq/champtraces/traces-spec2017-filtered/623.xalancbmk_s-10B.champsimtrace.xz
[VMEM] WARNING: physical memory size is smaller than virtual memory size.

*** ChampSim Multicore Out-of-Order Simulator ***
Warmup Instructions: 50000
Simulation Instructions: 50000
Number of CPUs: 1
Page size: 4096

/mnt/data/lyq/exprlog/baseline/623.xalancbmk_s-10B.txt
Off-chip DRAM Size: 16 GiB Channels: 1 Width: 64-bit Data Rate: 4807 MT/s
Warmup finished CPU 0 instructions: 50004 cycles: 59881 cumulative IPC: 0.8351 (Simulation time: 00 hr 00 min 01 sec)
Warmup complete CPU 0 instructions: 50004 cycles: 59881 cumulative IPC: 0.8351 (Simulation time: 00 hr 00 min 01 sec)
Simulation finished CPU 0 instructions: 50004 cycles: 359653 cumulative IPC: 0.139 (Simulation time: 00 hr 00 min 03 sec)
Simulation complete CPU 0 instructions: 50004 cycles: 359653 cumulative IPC: 0.139 (Simulation time: 00 hr 00 min 03 sec)

ChampSim completed all CPUs

=== Simulation ===
CPU 0 runs /mnt/data/lyq/champtraces/traces-spec2017-filtered/623.xalancbmk_s-10B.champsimtrace.xz

Region of Interest Statistics

CPU 0 cumulative IPC: 0.139 instructions: 50004 cycles: 359653
CPU 0 Branch Prediction Accuracy: 98.15% MPKI: 5.06 Average ROB Occupancy at Mispredict: 158.4
Branch type MPKI
BRANCH_DIRECT_JUMP: 0
BRANCH_INDIRECT: 0
BRANCH_CONDITIONAL: 5.06
BRANCH_DIRECT_CALL: 0
BRANCH_INDIRECT_CALL: 0
BRANCH_RETURN: 0

cpu0->cpu0_STLB TOTAL        ACCESS:        434 HIT:          0 MISS:        434 MSHR_MERGE:          0
cpu0->cpu0_STLB LOAD         ACCESS:        434 HIT:          0 MISS:        434 MSHR_MERGE:          0
cpu0->cpu0_STLB RFO          ACCESS:          0 HIT:          0 MISS:          0 MSHR_MERGE:          0
cpu0->cpu0_STLB PREFETCH     ACCESS:          0 HIT:          0 MISS:          0 MSHR_MERGE:          0
cpu0->cpu0_STLB WRITE        ACCESS:          0 HIT:          0 MISS:          0 MSHR_MERGE:          0
cpu0->cpu0_STLB TRANSLATION  ACCESS:          0 HIT:          0 MISS:          0 MSHR_MERGE:          0
cpu0->cpu0_STLB PREFETCH REQUESTED:          0 ISSUED:          0 USEFUL:          0 USELESS:          0 LATE:          0 DROP:          0
cpu0->cpu0_STLB AVERAGE MISS LATENCY: 638.9 cycles
cpu0->cpu0_L2C TOTAL        ACCESS:       2463 HIT:          0 MISS:       2463 MSHR_MERGE:          0
cpu0->cpu0_L2C LOAD         ACCESS:       1758 HIT:          0 MISS:       1758 MSHR_MERGE:          0
cpu0->cpu0_L2C RFO          ACCESS:          0 HIT:          0 MISS:          0 MSHR_MERGE:          0
cpu0->cpu0_L2C PREFETCH     ACCESS:          0 HIT:          0 MISS:          0 MSHR_MERGE:          0
cpu0->cpu0_L2C WRITE        ACCESS:          0 HIT:          0 MISS:          0 MSHR_MERGE:          0
cpu0->cpu0_L2C TRANSLATION  ACCESS:        705 HIT:          0 MISS:        705 MSHR_MERGE:          0
cpu0->cpu0_L2C PREFETCH REQUESTED:          0 ISSUED:          0 USEFUL:          0 USELESS:          0 LATE:          0 DROP:          0
cpu0->cpu0_L2C AVERAGE MISS LATENCY: 127.6 cycles
cpu0->cpu0_L1I TOTAL        ACCESS:         27 HIT:         27 MISS:          0 MSHR_MERGE:          0
cpu0->cpu0_L1I LOAD         ACCESS:         27 HIT:         27 MISS:          0 MSHR_MERGE:          0
cpu0->cpu0_L1I RFO          ACCESS:          0 HIT:          0 MISS:          0 MSHR_MERGE:          0
cpu0->cpu0_L1I PREFETCH     ACCESS:          0 HIT:          0 MISS:          0 MSHR_MERGE:          0
cpu0->cpu0_L1I WRITE        ACCESS:          0 HIT:          0 MISS:          0 MSHR_MERGE:          0
cpu0->cpu0_L1I TRANSLATION  ACCESS:          0 HIT:          0 MISS:          0 MSHR_MERGE:          0
cpu0->cpu0_L1I PREFETCH REQUESTED:          0 ISSUED:          0 USEFUL:          0 USELESS:          0 LATE:          0 DROP:          0
cpu0->cpu0_L1I AVERAGE MISS LATENCY: - cycles
cpu0->cpu0_L1D TOTAL        ACCESS:      14947 HIT:      10453 MISS:       4494 MSHR_MERGE:       2031
cpu0->cpu0_L1D LOAD         ACCESS:      13052 HIT:       9272 MISS:       3780 MSHR_MERGE:       2022
cpu0->cpu0_L1D RFO          ACCESS:          0 HIT:          0 MISS:          0 MSHR_MERGE:          0
cpu0->cpu0_L1D PREFETCH     ACCESS:          0 HIT:          0 MISS:          0 MSHR_MERGE:          0
cpu0->cpu0_L1D WRITE        ACCESS:       1020 HIT:       1020 MISS:          0 MSHR_MERGE:          0
cpu0->cpu0_L1D TRANSLATION  ACCESS:        875 HIT:        161 MISS:        714 MSHR_MERGE:          9
cpu0->cpu0_L1D PREFETCH REQUESTED:          0 ISSUED:          0 USEFUL:          0 USELESS:          0 LATE:          0 DROP:          0
cpu0->cpu0_L1D AVERAGE MISS LATENCY: 137.8 cycles
cpu0->cpu0_ITLB TOTAL        ACCESS:         25 HIT:         25 MISS:          0 MSHR_MERGE:          0
cpu0->cpu0_ITLB LOAD         ACCESS:         25 HIT:         25 MISS:          0 MSHR_MERGE:          0
cpu0->cpu0_ITLB RFO          ACCESS:          0 HIT:          0 MISS:          0 MSHR_MERGE:          0
cpu0->cpu0_ITLB PREFETCH     ACCESS:          0 HIT:          0 MISS:          0 MSHR_MERGE:          0
cpu0->cpu0_ITLB WRITE        ACCESS:          0 HIT:          0 MISS:          0 MSHR_MERGE:          0
cpu0->cpu0_ITLB TRANSLATION  ACCESS:          0 HIT:          0 MISS:          0 MSHR_MERGE:          0
cpu0->cpu0_ITLB PREFETCH REQUESTED:          0 ISSUED:          0 USEFUL:          0 USELESS:          0 LATE:          0 DROP:          0
cpu0->cpu0_ITLB AVERAGE MISS LATENCY: - cycles
cpu0->cpu0_DTLB TOTAL        ACCESS:      13953 HIT:      12702 MISS:       1251 MSHR_MERGE:        817
cpu0->cpu0_DTLB LOAD         ACCESS:      13953 HIT:      12702 MISS:       1251 MSHR_MERGE:        817
cpu0->cpu0_DTLB RFO          ACCESS:          0 HIT:          0 MISS:          0 MSHR_MERGE:          0
cpu0->cpu0_DTLB PREFETCH     ACCESS:          0 HIT:          0 MISS:          0 MSHR_MERGE:          0
cpu0->cpu0_DTLB WRITE        ACCESS:          0 HIT:          0 MISS:          0 MSHR_MERGE:          0
cpu0->cpu0_DTLB TRANSLATION  ACCESS:          0 HIT:          0 MISS:          0 MSHR_MERGE:          0
cpu0->cpu0_DTLB PREFETCH REQUESTED:          0 ISSUED:          0 USEFUL:          0 USELESS:          0 LATE:          0 DROP:          0
cpu0->cpu0_DTLB AVERAGE MISS LATENCY: 644.8 cycles
cpu0->LLC TOTAL        ACCESS:       2463 HIT:          0 MISS:       2463 MSHR_MERGE:          0
cpu0->LLC LOAD         ACCESS:       1758 HIT:          0 MISS:       1758 MSHR_MERGE:          0
cpu0->LLC RFO          ACCESS:          0 HIT:          0 MISS:          0 MSHR_MERGE:          0
cpu0->LLC PREFETCH     ACCESS:          0 HIT:          0 MISS:          0 MSHR_MERGE:          0
cpu0->LLC WRITE        ACCESS:          0 HIT:          0 MISS:          0 MSHR_MERGE:          0
cpu0->LLC TRANSLATION  ACCESS:        705 HIT:          0 MISS:        705 MSHR_MERGE:          0
cpu0->LLC PREFETCH REQUESTED:          0 ISSUED:          0 USEFUL:          0 USELESS:          0 LATE:          0 DROP:          0
cpu0->LLC AVERAGE MISS LATENCY: 100.6 cycles

DRAM Statistics

Channel 0 RQ ROW_BUFFER_HIT:         26
  ROW_BUFFER_MISS:       2437
  AVG DBUS CONGESTED CYCLE: 3.87
Channel 0 WQ ROW_BUFFER_HIT:          0
  ROW_BUFFER_MISS:          0
  FULL:          0
Channel 0 REFRESHES ISSUED:         30
hi!7056
/mnt/data/lyq/exprlog/hint/623.xalancbmk_s-10B.txt
